<html>
<body>
<pre>
<h1>µVision Build Log</h1>
<h2>Tool Versions:</h2>
IDE-Version: µVision V5.41.0.0
Copyright (C) 2024 ARM Ltd and ARM Germany GmbH. All rights reserved.
License Information: Cucos Nicoleta, Academia Tehnica Militara, LIC=----
 
Tool Versions:
Toolchain:       MDK-Lite  Version: 5.41.0.0
Toolchain Path:  C:\Users\Nicole\AppData\Local\Keil_v5\ARM\ARMCLANG\Bin
C Compiler:      ArmClang.exe V6.22
Assembler:       Armasm.exe V6.22
Linker/Locator:  ArmLink.exe V6.22
Library Manager: ArmAr.exe V6.22
Hex Converter:   FromElf.exe V6.22
CPU DLL:         SARMCM3.DLL V5.41.0.0
Dialog DLL:      DARMCM1.DLL V1.19.6.0
Target DLL:      CMSIS_AGDI.dll V1.33.21.0
Dialog DLL:      TARMCM1.DLL V1.14.6.0
 
<h2>Project:</h2>
D:\Facultate\ANUL IV\MICROPROCESOARE\MICRO\SSMP\src\project.uvprojx
Project File Date:  02/03/2025

<h2>Output:</h2>
*** Using Compiler 'V6.22', folder: 'C:\Users\Nicole\AppData\Local\Keil_v5\ARM\ARMCLANG\Bin'
Build target 'Target_1'
Gpio.c(28): warning: passing arguments to 'UART0_TransmitString' without a prototype is deprecated in all versions of C and is not supported in C23 [-Wdeprecated-non-prototype]
   28 |         UART0_TransmitString("WHITE\r\n");
      |                             ^
Gpio.c(36): warning: passing arguments to 'UART0_TransmitString' without a prototype is deprecated in all versions of C and is not supported in C23 [-Wdeprecated-non-prototype]
   36 |         UART0_TransmitString("GREEN\r\n");
      |                             ^
Gpio.c(43): warning: passing arguments to 'UART0_TransmitString' without a prototype is deprecated in all versions of C and is not supported in C23 [-Wdeprecated-non-prototype]
   43 |         UART0_TransmitString("GREEN Inv\r\n");
      |                             ^
Gpio.c(53): warning: passing arguments to 'UART0_TransmitString' without a prototype is deprecated in all versions of C and is not supported in C23 [-Wdeprecated-non-prototype]
   53 |         UART0_TransmitString("BLUE\r\n");
      |                             ^
Gpio.c(61): warning: passing arguments to 'UART0_TransmitString' without a prototype is deprecated in all versions of C and is not supported in C23 [-Wdeprecated-non-prototype]
   61 |         UART0_TransmitString("MAGENTA\r\n");
      |                             ^
5 warnings generated.
compiling Gpio.c...
linking...
Program Size: Code=9148 RO-data=836 RW-data=0 ZI-data=360  
".\Objects\project.axf" - 0 Error(s), 5 Warning(s).

<h2>Software Packages used:</h2>

Package Vendor: ARM
                https://www.keil.com/pack/ARM.CMSIS.6.1.0.pack
                ARM::CMSIS@6.1.0
                CMSIS (Common Microcontroller Software Interface Standard)
   * Component: CORE Version: 6.1.0

Package Vendor: Keil
                https://www.keil.com/pack/Keil.Kinetis_KLxx_DFP.1.15.1.pack
                Keil::Kinetis_KLxx_DFP@1.15.1
                NXP Kinetis KLxx Series Device Support and Examples
   * Component: Startup Version: 2.5.0

<h2>Collection of Component include folders:</h2>
  ./RTE/Device/MKL25Z128xxx4
  ./RTE/_Target_1
  C:/Users/Nicole/AppData/Local/Arm/Packs/ARM/CMSIS/6.1.0/CMSIS/Core/Include
  C:/Users/Nicole/AppData/Local/Arm/Packs/Keil/Kinetis_KLxx_DFP/1.15.1/Device/Include

<h2>Collection of Component Files used:</h2>

   * Component: ARM::CMSIS:CORE@6.1.0

   * Component: Keil::Device:Startup@2.5.0
      Source file:   Device/Source/system_MKL25Z4.c
      Include file:  Device/Source/system_MKL25Z4.h
      Source file:   Device/Source/ARM/startup_MKL25Z4.s
Build Time Elapsed:  00:00:01
</pre>
</body>
</html>
