<html>
<body>
<pre>
<h1>µVision Build Log</h1>
<h2>Tool Versions:</h2>
IDE-Version: µVision V5.41.0.0
Copyright (C) 2024 ARM Ltd and ARM Germany GmbH. All rights reserved.
License Information: Paul Zugravu, Military Technical Academy, LIC=----
 
Tool Versions:
Toolchain:       MDK-Lite  Version: 5.41.0.0
Toolchain Path:  C:\Users\Apashe\AppData\Local\Keil_v5\ARM\ARMCLANG\Bin
C Compiler:      ArmClang.exe V6.22
Assembler:       Armasm.exe V6.22
Linker/Locator:  ArmLink.exe V6.22
Library Manager: ArmAr.exe V6.22
Hex Converter:   FromElf.exe V6.22
CPU DLL:         SARMCM3.DLL V5.41.0.0
Dialog DLL:      DARMCM1.DLL V1.19.6.0
Target DLL:      CMSIS_AGDI.dll V1.33.21.0
Dialog DLL:      TARMCM1.DLL V1.14.6.0
 
<h2>Project:</h2>
E:\Facultate\ANUL 4\SSMP\ProiectSSMP-repo\SSMP\src\ssmp.uvprojx
Project File Date:  02/04/2025

<h2>Output:</h2>
*** Using Compiler 'V6.22', folder: 'C:\Users\Apashe\AppData\Local\Keil_v5\ARM\ARMCLANG\Bin'
Build target 'Target_1'
i2c.c(130): warning: variable 'dummy' set but not used [-Wunused-but-set-variable]
  130 |   uint8_t dummy;
      |           ^
i2c.c(179): warning: passing arguments to 'UART0_TransmitString' without a prototype is deprecated in all versions of C and is not supported in C23 [-Wdeprecated-non-prototype]
  179 |   UART0_TransmitString("Raw X: ");
      |                       ^
i2c.c(191): warning: passing arguments to 'UART0_TransmitString' without a prototype is deprecated in all versions of C and is not supported in C23 [-Wdeprecated-non-prototype]
  191 |   UART0_TransmitString("X (g): ");
      |                       ^
i2c.c(217): warning: passing arguments to 'UART0_TransmitString' without a prototype is deprecated in all versions of C and is not supported in C23 [-Wdeprecated-non-prototype]
  217 |   UART0_TransmitString("Raw Y: ");
      |                       ^
i2c.c(228): warning: passing arguments to 'UART0_TransmitString' without a prototype is deprecated in all versions of C and is not supported in C23 [-Wdeprecated-non-prototype]
  228 |   UART0_TransmitString("Y (g): ");
      |                       ^
i2c.c(249): warning: passing arguments to 'UART0_TransmitString' without a prototype is deprecated in all versions of C and is not supported in C23 [-Wdeprecated-non-prototype]
  249 |   UART0_TransmitString("Calibrating...\r\n");
      |                       ^
i2c.c(255): warning: passing arguments to 'UART0_TransmitString' without a prototype is deprecated in all versions of C and is not supported in C23 [-Wdeprecated-non-prototype]
  255 |   UART0_TransmitString("X Offset: ");
      |                       ^
7 warnings generated.
compiling i2c.c...
linking...
Program Size: Code=10540 RO-data=916 RW-data=0 ZI-data=368  
".\Objects\ssmp.axf" - 0 Error(s), 7 Warning(s).

<h2>Software Packages used:</h2>

Package Vendor: ARM
                https://www.keil.com/pack/ARM.CMSIS.6.1.0.pack
                ARM::CMSIS@6.1.0
                CMSIS (Common Microcontroller Software Interface Standard)
   * Component: CORE Version: 6.1.0

Package Vendor: Keil
                https://www.keil.com/pack/Keil.Kinetis_KLxx_DFP.1.15.1.pack
                Keil::Kinetis_KLxx_DFP@1.15.1
                NXP Kinetis KLxx Series Device Support and Examples
   * Component: Startup Version: 2.5.0

<h2>Collection of Component include folders:</h2>
  ./RTE/Device/MKL25Z128xxx4
  ./RTE/_Target_1
  C:/Users/Apashe/AppData/Local/Arm/Packs/ARM/CMSIS/6.1.0/CMSIS/Core/Include
  C:/Users/Apashe/AppData/Local/Arm/Packs/Keil/Kinetis_KLxx_DFP/1.15.1/Device/Include

<h2>Collection of Component Files used:</h2>

   * Component: ARM::CMSIS:CORE@6.1.0

   * Component: Keil::Device:Startup@2.5.0
      Source file:   Device/Source/ARM/startup_MKL25Z4.s
      Source file:   Device/Source/system_MKL25Z4.c
      Include file:  Device/Source/system_MKL25Z4.h
Build Time Elapsed:  00:00:00
</pre>
</body>
</html>
