Component: Arm Compiler for Embedded 6.22 Tool: armlink [5ee90200]

==============================================================================

Section Cross References

    gpio.o(.ARM.exidx.text.OutputPIN_Init) refers to gpio.o(.text.OutputPIN_Init) for [Anonymous Symbol]
    gpio.o(.ARM.exidx.text.getOutRed) refers to gpio.o(.text.getOutRed) for [Anonymous Symbol]
    gpio.o(.ARM.exidx.text.getOutGreen) refers to gpio.o(.text.getOutGreen) for [Anonymous Symbol]
    gpio.o(.ARM.exidx.text.getWhite) refers to gpio.o(.text.getWhite) for [Anonymous Symbol]
    gpio.o(.ARM.exidx.text.getGreen) refers to gpio.o(.text.getGreen) for [Anonymous Symbol]
    gpio.o(.ARM.exidx.text.getGreenInv) refers to gpio.o(.text.getGreenInv) for [Anonymous Symbol]
    gpio.o(.ARM.exidx.text.getBlue) refers to gpio.o(.text.getBlue) for [Anonymous Symbol]
    gpio.o(.ARM.exidx.text.getMagenta) refers to gpio.o(.text.getMagenta) for [Anonymous Symbol]
    i2c.o(.ARM.exidx.text.i2c_init) refers to i2c.o(.text.i2c_init) for [Anonymous Symbol]
    i2c.o(.ARM.exidx.text.Delay) refers to i2c.o(.text.Delay) for [Anonymous Symbol]
    i2c.o(.text.init_sensor) refers to i2c.o(.text.i2c_read_byte) for i2c_read_byte
    i2c.o(.text.init_sensor) refers to i2c.o(.text.Delay) for Delay
    i2c.o(.text.init_sensor) refers to i2c.o(.text.i2c_write_byte) for i2c_write_byte
    i2c.o(.ARM.exidx.text.init_sensor) refers to i2c.o(.text.init_sensor) for [Anonymous Symbol]
    i2c.o(.ARM.exidx.text.i2c_read_byte) refers to i2c.o(.text.i2c_read_byte) for [Anonymous Symbol]
    i2c.o(.ARM.exidx.text.i2c_write_byte) refers to i2c.o(.text.i2c_write_byte) for [Anonymous Symbol]
    i2c.o(.ARM.exidx.text.i2c_read_bytes) refers to i2c.o(.text.i2c_read_bytes) for [Anonymous Symbol]
    i2c.o(.text.read_full_x) refers to i2c.o(.text.i2c_read_bytes) for i2c_read_bytes
    i2c.o(.text.read_full_x) refers to uart.o(.text.UART0_TransmitString) for UART0_TransmitString
    i2c.o(.text.read_full_x) refers to uart.o(.text.UART0_TransmitInt16) for UART0_TransmitInt16
    i2c.o(.text.read_full_x) refers to uart.o(.text.UART0_Transmit) for UART0_Transmit
    i2c.o(.text.read_full_x) refers to fflti.o(.text) for __aeabi_i2f
    i2c.o(.text.read_full_x) refers to fdiv.o(.text) for __aeabi_fdiv
    i2c.o(.text.read_full_x) refers to fmul.o(x$fpl$fmul) for __aeabi_fmul
    i2c.o(.text.read_full_x) refers to ffixi.o(.text) for __aeabi_f2iz
    i2c.o(.text.read_full_x) refers to aeabi_sdiv.o(.text) for __aeabi_idiv
    i2c.o(.text.read_full_x) refers to i2c.o(.rodata.str1.1) for [Anonymous Symbol]
    i2c.o(.text.read_full_x) refers to i2c.o(.bss.x_offset) for x_offset
    i2c.o(.ARM.exidx.text.read_full_x) refers to i2c.o(.text.read_full_x) for [Anonymous Symbol]
    i2c.o(.text.read_full_y) refers to i2c.o(.text.i2c_read_bytes) for i2c_read_bytes
    i2c.o(.text.read_full_y) refers to uart.o(.text.UART0_TransmitString) for UART0_TransmitString
    i2c.o(.text.read_full_y) refers to uart.o(.text.UART0_TransmitInt16) for UART0_TransmitInt16
    i2c.o(.text.read_full_y) refers to uart.o(.text.UART0_Transmit) for UART0_Transmit
    i2c.o(.text.read_full_y) refers to fflti.o(.text) for __aeabi_i2f
    i2c.o(.text.read_full_y) refers to fdiv.o(.text) for __aeabi_fdiv
    i2c.o(.text.read_full_y) refers to fmul.o(x$fpl$fmul) for __aeabi_fmul
    i2c.o(.text.read_full_y) refers to ffixi.o(.text) for __aeabi_f2iz
    i2c.o(.text.read_full_y) refers to aeabi_sdiv.o(.text) for __aeabi_idiv
    i2c.o(.text.read_full_y) refers to i2c.o(.rodata.str1.1) for [Anonymous Symbol]
    i2c.o(.text.read_full_y) refers to i2c.o(.bss.y_offset) for y_offset
    i2c.o(.ARM.exidx.text.read_full_y) refers to i2c.o(.text.read_full_y) for [Anonymous Symbol]
    i2c.o(.text.calibrate_x) refers to uart.o(.text.UART0_TransmitString) for UART0_TransmitString
    i2c.o(.text.calibrate_x) refers to i2c.o(.text.Delay) for Delay
    i2c.o(.text.calibrate_x) refers to i2c.o(.text.i2c_read_bytes) for i2c_read_bytes
    i2c.o(.text.calibrate_x) refers to uart.o(.text.UART0_TransmitInt16) for UART0_TransmitInt16
    i2c.o(.text.calibrate_x) refers to uart.o(.text.UART0_Transmit) for UART0_Transmit
    i2c.o(.text.calibrate_x) refers to i2c.o(.rodata.str1.1) for [Anonymous Symbol]
    i2c.o(.text.calibrate_x) refers to i2c.o(.bss.x_offset) for x_offset
    i2c.o(.ARM.exidx.text.calibrate_x) refers to i2c.o(.text.calibrate_x) for [Anonymous Symbol]
    main.o(.text.system_fsm) refers to i2c.o(.text.read_full_x) for read_full_x
    main.o(.text.system_fsm) refers to gpio.o(.text.getWhite) for getWhite
    main.o(.text.system_fsm) refers to gpio.o(.text.getGreen) for getGreen
    main.o(.text.system_fsm) refers to gpio.o(.text.getBlue) for getBlue
    main.o(.text.system_fsm) refers to gpio.o(.text.getMagenta) for getMagenta
    main.o(.text.system_fsm) refers to main.o(.bss.current_system_state) for current_system_state
    main.o(.text.system_fsm) refers to main.o(.bss.reverse) for reverse
[...]
    ../clib/printf.c                         0x00000000   Number         0  _printf_hex_ll_ptr.o ABSOLUTE
    ../clib/printf.c                         0x00000000   Number         0  _printf_hex_int_ll_ptr.o ABSOLUTE
    ../clib/printf.c                         0x00000000   Number         0  __printf_flags.o ABSOLUTE
    ../clib/printf.c                         0x00000000   Number         0  __printf_ss.o ABSOLUTE
    ../clib/printf.c                         0x00000000   Number         0  __printf_flags_ss.o ABSOLUTE
    ../clib/printf.c                         0x00000000   Number         0  __printf_wp.o ABSOLUTE
    ../clib/printf.c                         0x00000000   Number         0  __printf_flags_wp.o ABSOLUTE
    ../clib/printf.c                         0x00000000   Number         0  __printf_ss_wp.o ABSOLUTE
    ../clib/printf.c                         0x00000000   Number         0  __printf_flags_ss_wp.o ABSOLUTE
    ../clib/printf.c                         0x00000000   Number         0  _printf_intcommon.o ABSOLUTE
    ../clib/printf.c                         0x00000000   Number         0  _printf_fp_dec.o ABSOLUTE
    ../clib/printf.c                         0x00000000   Number         0  _printf_fp_dec_accurate.o ABSOLUTE
    ../clib/printf.c                         0x00000000   Number         0  _printf_fp_hex.o ABSOLUTE
    ../clib/printf.c                         0x00000000   Number         0  __printf_nopercent.o ABSOLUTE
    ../clib/printf.c                         0x00000000   Number         0  _printf_char.o ABSOLUTE
    ../clib/printf.c                         0x00000000   Number         0  _printf_wchar.o ABSOLUTE
    ../clib/printf.c                         0x00000000   Number         0  _printf_fp_infnan.o ABSOLUTE
    ../clib/printf_percent.s                 0x00000000   Number         0  _printf_c.o ABSOLUTE
    ../clib/printf_percent.s                 0x00000000   Number         0  _printf_s.o ABSOLUTE
    ../clib/printf_percent.s                 0x00000000   Number         0  _printf_n.o ABSOLUTE
    ../clib/printf_percent.s                 0x00000000   Number         0  _printf_x.o ABSOLUTE
    ../clib/printf_percent.s                 0x00000000   Number         0  _printf_p.o ABSOLUTE
    ../clib/printf_percent.s                 0x00000000   Number         0  _printf_o.o ABSOLUTE
    ../clib/printf_percent.s                 0x00000000   Number         0  _printf_i.o ABSOLUTE
    ../clib/printf_percent.s                 0x00000000   Number         0  _printf_d.o ABSOLUTE
    ../clib/printf_percent.s                 0x00000000   Number         0  _printf_u.o ABSOLUTE
    ../clib/printf_percent.s                 0x00000000   Number         0  _printf_f.o ABSOLUTE
    ../clib/printf_percent.s                 0x00000000   Number         0  _printf_e.o ABSOLUTE
    ../clib/printf_percent.s                 0x00000000   Number         0  _printf_g.o ABSOLUTE
    ../clib/printf_percent.s                 0x00000000   Number         0  _printf_a.o ABSOLUTE
    ../clib/printf_percent.s                 0x00000000   Number         0  _printf_percent.o ABSOLUTE
    ../clib/printf_percent.s                 0x00000000   Number         0  _printf_lli.o ABSOLUTE
    ../clib/printf_percent.s                 0x00000000   Number         0  _printf_lld.o ABSOLUTE
    ../clib/printf_percent.s                 0x00000000   Number         0  _printf_llu.o ABSOLUTE
    ../clib/printf_percent.s                 0x00000000   Number         0  _printf_ll.o ABSOLUTE
    ../clib/printf_percent.s                 0x00000000   Number         0  _printf_l.o ABSOLUTE
    ../clib/printf_percent.s                 0x00000000   Number         0  _printf_lc.o ABSOLUTE
    ../clib/printf_percent.s                 0x00000000   Number         0  _printf_ls.o ABSOLUTE
    ../clib/printf_percent.s                 0x00000000   Number         0  _printf_llo.o ABSOLUTE
    ../clib/printf_percent.s                 0x00000000   Number         0  _printf_llx.o ABSOLUTE
    ../clib/printf_percent.s                 0x00000000   Number         0  _printf_percent_end.o ABSOLUTE
    ../clib/signal.c                         0x00000000   Number         0  defsig_fpe_outer.o ABSOLUTE
    ../clib/signal.c                         0x00000000   Number         0  defsig_fpe_formal.o ABSOLUTE
    ../clib/signal.c                         0x00000000   Number         0  defsig_exit.o ABSOLUTE
    ../clib/signal.c                         0x00000000   Number         0  defsig_fpe_inner.o ABSOLUTE
    ../clib/signal.c                         0x00000000   Number         0  __raise.o ABSOLUTE
    ../clib/signal.c                         0x00000000   Number         0  defsig_general.o ABSOLUTE
    ../clib/signal.c                         0x00000000   Number         0  defsig_abrt_inner.o ABSOLUTE
    ../clib/signal.c                         0x00000000   Number         0  defsig_rtred_inner.o ABSOLUTE
    ../clib/signal.c                         0x00000000   Number         0  defsig_rtmem_inner.o ABSOLUTE
    ../clib/signal.c                         0x00000000   Number         0  defsig_rtmem_outer.o ABSOLUTE
    ../clib/signal.c                         0x00000000   Number         0  defsig_rtmem_formal.o ABSOLUTE
    ../clib/signal.c                         0x00000000   Number         0  defsig_stak_inner.o ABSOLUTE
    ../clib/signal.c                         0x00000000   Number         0  defsig_pvfn_inner.o ABSOLUTE
    ../clib/signal.c                         0x00000000   Number         0  defsig_cppl_inner.o ABSOLUTE
    ../clib/signal.c                         0x00000000   Number         0  defsig_segv_inner.o ABSOLUTE
    ../clib/signal.c                         0x00000000   Number         0  defsig_other.o ABSOLUTE
    ../clib/signal.s                         0x00000000   Number         0  defsig.o ABSOLUTE
    ../clib/stdlib.c                         0x00000000   Number         0  exit.o ABSOLUTE
    ../clib/string.c                         0x00000000   Number         0  strcmp.o ABSOLUTE
    ../fplib/cfplib/fdiv.c                   0x00000000   Number         0  fdiv.o ABSOLUTE
    ../fplib/cfplib/ffix.c                   0x00000000   Number         0  ffixi.o ABSOLUTE
    ../fplib/cfplib/fflt.c                   0x00000000   Number         0  fflti.o ABSOLUTE
    ../fplib/cfplib/fpinit.c                 0x00000000   Number         0  fpinit.o ABSOLUTE
    ../fplib/cfplib/ieee_status.c            0x00000000   Number         0  ieee_status.o ABSOLUTE
    ../fplib/fmul6m.s                        0x00000000   Number         0  fmul.o ABSOLUTE
    ../fplib/printf1.s                       0x00000000   Number         0  printf1.o ABSOLUTE
    ../fplib/printf2.s                       0x00000000   Number         0  printf2.o ABSOLUTE
    ../fplib/printf2a.s                      0x00000000   Number         0  printf2a.o ABSOLUTE
    ../fplib/printf2b.s                      0x00000000   Number         0  printf2b.o ABSOLUTE
    ../fplib/usenofp.s                       0x00000000   Number         0  usenofp.o ABSOLUTE
    ../mathlib/fpclassify.c                  0x00000000   Number         0  fpclassify.o ABSOLUTE
    Gpio.c                                   0x00000000   Number         0  gpio.o ABSOLUTE
    Pit.c                                    0x00000000   Number         0  pit.o ABSOLUTE
    RTE/Device/MKL25Z128xxx4/startup_MKL25Z4.s 0x00000000   Number         0  startup_mkl25z4.o ABSOLUTE
    Uart.c                                   0x00000000   Number         0  uart.o ABSOLUTE
    dc.s                                     0x00000000   Number         0  dc.o ABSOLUTE
    i2c.c                                    0x00000000   Number         0  i2c.o ABSOLUTE
    main.c                                   0x00000000   Number         0  main.o ABSOLUTE
    system_MKL25Z4.c                         0x00000000   Number         0  system_mkl25z4.o ABSOLUTE
    RESET                                    0x00000000   Section      192  startup_mkl25z4.o(RESET)
    !!!main                                  0x000000c0   Section        8  __main.o(!!!main)
    !!!scatter                               0x000000c8   Section       84  __scatter.o(!!!scatter)
    !!handler_null                           0x0000011c   Section        2  __scatter.o(!!handler_null)
    !!handler_zi                             0x00000120   Section       28  __scatter_zi.o(!!handler_zi)
    .ARM.Collect$$_printf_percent$$00000000  0x0000013c   Section        2  _printf_percent.o(.ARM.Collect$$_printf_percent$$00000000)
    .ARM.Collect$$_printf_percent$$00000001  0x0000013e   Section       10  _printf_n.o(.ARM.Collect$$_printf_percent$$00000001)
    .ARM.Collect$$_printf_percent$$00000002  0x00000148   Section       10  _printf_p.o(.ARM.Collect$$_printf_percent$$00000002)
    .ARM.Collect$$_printf_percent$$00000003  0x00000152   Section       10  _printf_f.o(.ARM.Collect$$_printf_percent$$00000003)
    .ARM.Collect$$_printf_percent$$00000004  0x0000015c   Section       10  _printf_e.o(.ARM.Collect$$_printf_percent$$00000004)
    .ARM.Collect$$_printf_percent$$00000005  0x00000166   Section       10  _printf_g.o(.ARM.Collect$$_printf_percent$$00000005)
    .ARM.Collect$$_printf_percent$$00000006  0x00000170   Section       10  _printf_a.o(.ARM.Collect$$_printf_percent$$00000006)
    .ARM.Collect$$_printf_percent$$00000007  0x0000017a   Section       10  _printf_ll.o(.ARM.Collect$$_printf_percent$$00000007)
    .ARM.Collect$$_printf_percent$$00000008  0x00000184   Section       10  _printf_i.o(.ARM.Collect$$_printf_percent$$00000008)
    .ARM.Collect$$_printf_percent$$00000009  0x0000018e   Section       10  _printf_d.o(.ARM.Collect$$_printf_percent$$00000009)
    .ARM.Collect$$_printf_percent$$0000000A  0x00000198   Section       10  _printf_u.o(.ARM.Collect$$_printf_percent$$0000000A)
    .ARM.Collect$$_printf_percent$$0000000B  0x000001a2   Section       10  _printf_o.o(.ARM.Collect$$_printf_percent$$0000000B)
    .ARM.Collect$$_printf_percent$$0000000C  0x000001ac   Section       10  _printf_x.o(.ARM.Collect$$_printf_percent$$0000000C)
    .ARM.Collect$$_printf_percent$$0000000D  0x000001b6   Section       10  _printf_lli.o(.ARM.Collect$$_printf_percent$$0000000D)
    .ARM.Collect$$_printf_percent$$0000000E  0x000001c0   Section       10  _printf_lld.o(.ARM.Collect$$_printf_percent$$0000000E)
    .ARM.Collect$$_printf_percent$$0000000F  0x000001ca   Section       10  _printf_llu.o(.ARM.Collect$$_printf_percent$$0000000F)
    .ARM.Collect$$_printf_percent$$00000010  0x000001d4   Section       10  _printf_llo.o(.ARM.Collect$$_printf_percent$$00000010)
    .ARM.Collect$$_printf_percent$$00000011  0x000001de   Section       10  _printf_llx.o(.ARM.Collect$$_printf_percent$$00000011)
    .ARM.Collect$$_printf_percent$$00000012  0x000001e8   Section       10  _printf_l.o(.ARM.Collect$$_printf_percent$$00000012)
    .ARM.Collect$$_printf_percent$$00000013  0x000001f2   Section       10  _printf_c.o(.ARM.Collect$$_printf_percent$$00000013)
    .ARM.Collect$$_printf_percent$$00000014  0x000001fc   Section       10  _printf_s.o(.ARM.Collect$$_printf_percent$$00000014)
    .ARM.Collect$$_printf_percent$$00000015  0x00000206   Section       10  _printf_lc.o(.ARM.Collect$$_printf_percent$$00000015)
    .ARM.Collect$$_printf_percent$$00000016  0x00000210   Section       10  _printf_ls.o(.ARM.Collect$$_printf_percent$$00000016)
    .ARM.Collect$$_printf_percent$$00000017  0x0000021a   Section        4  _printf_percent_end.o(.ARM.Collect$$_printf_percent$$00000017)
    .ARM.Collect$$libinit$$00000000          0x0000021e   Section        2  libinit.o(.ARM.Collect$$libinit$$00000000)
    .ARM.Collect$$libinit$$00000002          0x00000220   Section        0  libinit2.o(.ARM.Collect$$libinit$$00000002)
    .ARM.Collect$$libinit$$00000004          0x00000220   Section        0  libinit2.o(.ARM.Collect$$libinit$$00000004)
    .ARM.Collect$$libinit$$00000006          0x00000220   Section        0  libinit2.o(.ARM.Collect$$libinit$$00000006)
    .ARM.Collect$$libinit$$0000000C          0x00000220   Section        0  libinit2.o(.ARM.Collect$$libinit$$0000000C)
    .ARM.Collect$$libinit$$0000000E          0x00000220   Section        0  libinit2.o(.ARM.Collect$$libinit$$0000000E)
    .ARM.Collect$$libinit$$00000010          0x00000220   Section        0  libinit2.o(.ARM.Collect$$libinit$$00000010)
    .ARM.Collect$$libinit$$00000011          0x00000220   Section        6  libinit2.o(.ARM.Collect$$libinit$$00000011)
    .ARM.Collect$$libinit$$00000013          0x00000226   Section        0  libinit2.o(.ARM.Collect$$libinit$$00000013)
    .ARM.Collect$$libinit$$00000014          0x00000226   Section       12  libinit2.o(.ARM.Collect$$libinit$$00000014)
    .ARM.Collect$$libinit$$00000015          0x00000232   Section        0  libinit2.o(.ARM.Collect$$libinit$$00000015)
    .ARM.Collect$$libinit$$00000017          0x00000232   Section        0  libinit2.o(.ARM.Collect$$libinit$$00000017)
    .ARM.Collect$$libinit$$00000018          0x00000232   Section       10  libinit2.o(.ARM.Collect$$libinit$$00000018)
    .ARM.Collect$$libinit$$00000019          0x0000023c   Section        0  libinit2.o(.ARM.Collect$$libinit$$00000019)
    .ARM.Collect$$libinit$$0000001B          0x0000023c   Section        0  libinit2.o(.ARM.Collect$$libinit$$0000001B)
    .ARM.Collect$$libinit$$0000001D          0x0000023c   Section        0  libinit2.o(.ARM.Collect$$libinit$$0000001D)
    .ARM.Collect$$libinit$$0000001F          0x0000023c   Section        0  libinit2.o(.ARM.Collect$$libinit$$0000001F)
    .ARM.Collect$$libinit$$00000021          0x0000023c   Section        0  libinit2.o(.ARM.Collect$$libinit$$00000021)
    .ARM.Collect$$libinit$$00000023          0x0000023c   Section        0  libinit2.o(.ARM.Collect$$libinit$$00000023)
    .ARM.Collect$$libinit$$00000025          0x0000023c   Section        0  libinit2.o(.ARM.Collect$$libinit$$00000025)
    .ARM.Collect$$libinit$$00000027          0x0000023c   Section        0  libinit2.o(.ARM.Collect$$libinit$$00000027)
    .ARM.Collect$$libinit$$0000002E          0x0000023c   Section        0  libinit2.o(.ARM.Collect$$libinit$$0000002E)
    .ARM.Collect$$libinit$$00000030          0x0000023c   Section        0  libinit2.o(.ARM.Collect$$libinit$$00000030)
    .ARM.Collect$$libinit$$00000032          0x0000023c   Section        0  libinit2.o(.ARM.Collect$$libinit$$00000032)
    .ARM.Collect$$libinit$$00000034          0x0000023c   Section        0  libinit2.o(.ARM.Collect$$libinit$$00000034)
    .ARM.Collect$$libinit$$00000035          0x0000023c   Section        2  libinit2.o(.ARM.Collect$$libinit$$00000035)
    .ARM.Collect$$libshutdown$$00000000      0x0000023e   Section        2  libshutdown.o(.ARM.Collect$$libshutdown$$00000000)
    .ARM.Collect$$libshutdown$$00000002      0x00000240   Section        0  libshutdown2.o(.ARM.Collect$$libshutdown$$00000002)
    .ARM.Collect$$libshutdown$$00000004      0x00000240   Section        0  libshutdown2.o(.ARM.Collect$$libshutdown$$00000004)
    .ARM.Collect$$libshutdown$$00000007      0x00000240   Section        0  libshutdown2.o(.ARM.Collect$$libshutdown$$00000007)
    .ARM.Collect$$libshutdown$$0000000A      0x00000240   Section        0  libshutdown2.o(.ARM.Collect$$libshutdown$$0000000A)
    .ARM.Collect$$libshutdown$$0000000C      0x00000240   Section        0  libshutdown2.o(.ARM.Collect$$libshutdown$$0000000C)
    .ARM.Collect$$libshutdown$$0000000F      0x00000240   Section        0  libshutdown2.o(.ARM.Collect$$libshutdown$$0000000F)
    .ARM.Collect$$libshutdown$$00000010      0x00000240   Section        2  libshutdown2.o(.ARM.Collect$$libshutdown$$00000010)
    .ARM.Collect$$rtentry$$00000000          0x00000242   Section        0  __rtentry.o(.ARM.Collect$$rtentry$$00000000)
    .ARM.Collect$$rtentry$$00000002          0x00000242   Section        0  __rtentry2.o(.ARM.Collect$$rtentry$$00000002)
    .ARM.Collect$$rtentry$$00000004          0x00000242   Section        6  __rtentry4.o(.ARM.Collect$$rtentry$$00000004)
    .ARM.Collect$$rtentry$$00000009          0x00000248   Section        0  __rtentry2.o(.ARM.Collect$$rtentry$$00000009)
    .ARM.Collect$$rtentry$$0000000A          0x00000248   Section        4  __rtentry2.o(.ARM.Collect$$rtentry$$0000000A)
    .ARM.Collect$$rtentry$$0000000C          0x0000024c   Section        0  __rtentry2.o(.ARM.Collect$$rtentry$$0000000C)
    .ARM.Collect$$rtentry$$0000000D          0x0000024c   Section        8  __rtentry2.o(.ARM.Collect$$rtentry$$0000000D)
    .ARM.Collect$$rtexit$$00000000           0x00000254   Section        2  rtexit.o(.ARM.Collect$$rtexit$$00000000)
    .ARM.Collect$$rtexit$$00000002           0x00000256   Section        0  rtexit2.o(.ARM.Collect$$rtexit$$00000002)
    .ARM.Collect$$rtexit$$00000003           0x00000256   Section        4  rtexit2.o(.ARM.Collect$$rtexit$$00000003)
    .ARM.Collect$$rtexit$$00000004           0x0000025a   Section        6  rtexit2.o(.ARM.Collect$$rtexit$$00000004)
    .text                                    0x00000260   Section       64  startup_mkl25z4.o(.text)
    .text                                    0x000002a0   Section        0  sprintf.o(.text)
    .text                                    0x000002cc   Section        0  heapauxi.o(.text)
    .text                                    0x000002d2   Section        0  ffixi.o(.text)
    .text                                    0x0000031e   Section        0  fflti.o(.text)
    .text                                    0x0000037c   Section        0  _printf_pad.o(.text)
    .text                                    0x000003ca   Section        0  _printf_truncate.o(.text)
    .text                                    0x000003ee   Section        0  _sputc.o(.text)
    .text                                    0x000003f8   Section        8  rt_locale_intlibspace.o(.text)
    .ARM.__at_0x400                          0x00000400   Section       16  startup_mkl25z4.o(.ARM.__at_0x400)
    .text                                    0x00000410   Section      364  aeabi_sdiv.o(.text)
    .text                                    0x0000057c   Section        0  fdiv.o(.text)
    .text                                    0x000006dc   Section        0  _printf_str.o(.text)
    .text                                    0x00000730   Section        0  _printf_dec.o(.text)
    .text                                    0x0000079c   Section        0  _printf_charcount.o(.text)
    _printf_input_char                       0x000007c5   Thumb Code    10  _printf_char_common.o(.text)
    .text                                    0x000007c4   Section        0  _printf_char_common.o(.text)
    .text                                    0x000007f4   Section        0  _printf_wctomb.o(.text)
    .text                                    0x000008b0   Section        0  _printf_longlong_dec.o(.text)
    _printf_longlong_oct_internal            0x00000921   Thumb Code     0  _printf_oct_int_ll.o(.text)
    .text                                    0x00000920   Section        0  _printf_oct_int_ll.o(.text)
    _printf_hex_common                       0x00000991   Thumb Code     0  _printf_hex_int_ll_ptr.o(.text)
    .text                                    0x00000990   Section        0  _printf_hex_int_ll_ptr.o(.text)
    .text                                    0x00000a28   Section        0  __printf_flags_ss_wp.o(.text)
    .text                                    0x00000bb0   Section        0  lludiv10.o(.text)
    .text                                    0x00000c2a   Section        0  _printf_intcommon.o(.text)
    _fp_digits                               0x00000cdd   Thumb Code   412  _printf_fp_dec.o(.text)
    .text                                    0x00000cdc   Section        0  _printf_fp_dec.o(.text)
    .text                                    0x000010f0   Section        0  _printf_fp_hex.o(.text)
    .text                                    0x000013c8   Section        0  _printf_char.o(.text)
    .text                                    0x000013f6   Section        0  _printf_wchar.o(.text)
    .text                                    0x00001424   Section        0  _c16rtomb.o(.text)
    .text                                    0x00001466   Section        0  rtudiv10.o(.text)
    .text                                    0x0000148e   Section       62  sys_stackheap_outer.o(.text)
    .text                                    0x000014cc   Section       16  rt_ctype_table.o(.text)
    .text                                    0x000014dc   Section        0  _printf_fp_infnan.o(.text)
    .text                                    0x00001564   Section        0  bigflt0.o(.text)
    .text                                    0x0000163c   Section        0  btod.o(.text)
    btod_internal_mul                        0x0000167d   Thumb Code   492  btod.o(.text)
    btod_internal_div                        0x00001869   Thumb Code   520  btod.o(.text)
    .text                                    0x00001bbc   Section        0  exit.o(.text)
    .text                                    0x00001bcc   Section        8  libspace.o(.text)
    .text                                    0x00001bd4   Section        0  strcmp.o(.text)
    .text                                    0x00001c5c   Section        0  sys_exit.o(.text)
    .text                                    0x00001c68   Section        2  use_no_semi.o(.text)
    .text                                    0x00001c6a   Section        0  indicate_semi.o(.text)
    [Anonymous Symbol]                       0x00001c6c   Section        0  i2c.o(.text.Delay)
    __arm_cp.1_0                             0x00001c90   Number         4  i2c.o(.text.Delay)
    [Anonymous Symbol]                       0x00001c94   Section        0  gpio.o(.text.OutputPIN_Init)
    __arm_cp.0_1                             0x00001d18   Number         4  gpio.o(.text.OutputPIN_Init)
    __arm_cp.0_3                             0x00001d1c   Number         4  gpio.o(.text.OutputPIN_Init)
    __arm_cp.0_4                             0x00001d20   Number         4  gpio.o(.text.OutputPIN_Init)
    __arm_cp.0_5                             0x00001d24   Number         4  gpio.o(.text.OutputPIN_Init)
    __arm_cp.0_6                             0x00001d28   Number         4  gpio.o(.text.OutputPIN_Init)
    __arm_cp.0_7                             0x00001d2c   Number         4  gpio.o(.text.OutputPIN_Init)
    __arm_cp.0_8                             0x00001d30   Number         4  gpio.o(.text.OutputPIN_Init)
    __arm_cp.0_9                             0x00001d34   Number         4  gpio.o(.text.OutputPIN_Init)
    [Anonymous Symbol]                       0x00001d38   Section        0  pit.o(.text.PIT_IRQHandler)
    __arm_cp.4_0                             0x00001d7c   Number         4  pit.o(.text.PIT_IRQHandler)
    __arm_cp.4_1                             0x00001d80   Number         4  pit.o(.text.PIT_IRQHandler)
    __arm_cp.4_2                             0x00001d84   Number         4  pit.o(.text.PIT_IRQHandler)
    __arm_cp.4_3                             0x00001d88   Number         4  pit.o(.text.PIT_IRQHandler)
    __arm_cp.4_4                             0x00001d8c   Number         4  pit.o(.text.PIT_IRQHandler)
    __arm_cp.4_5                             0x00001d90   Number         4  pit.o(.text.PIT_IRQHandler)
    [Anonymous Symbol]                       0x00001d94   Section        0  pit.o(.text.PIT_Init)
    __arm_cp.0_0                             0x00001df8   Number         4  pit.o(.text.PIT_Init)
    __arm_cp.0_1                             0x00001dfc   Number         4  pit.o(.text.PIT_Init)
    __arm_cp.0_2                             0x00001e00   Number         4  pit.o(.text.PIT_Init)
    __arm_cp.0_3                             0x00001e04   Number         4  pit.o(.text.PIT_Init)
    __arm_cp.0_4                             0x00001e08   Number         4  pit.o(.text.PIT_Init)
    __arm_cp.0_5                             0x00001e0c   Number         4  pit.o(.text.PIT_Init)
    __arm_cp.0_6                             0x00001e10   Number         4  pit.o(.text.PIT_Init)
    __arm_cp.0_7                             0x00001e14   Number         4  pit.o(.text.PIT_Init)
    [Anonymous Symbol]                       0x00001e18   Section        0  system_mkl25z4.o(.text.SystemInit)
    __arm_cp.0_0                             0x00001e20   Number         4  system_mkl25z4.o(.text.SystemInit)
    [Anonymous Symbol]                       0x00001e24   Section        0  uart.o(.text.UART0_IRQHandler)
    __arm_cp.7_2                             0x00001e5c   Number         4  uart.o(.text.UART0_IRQHandler)
    __arm_cp.7_3                             0x00001e60   Number         4  uart.o(.text.UART0_IRQHandler)
    __arm_cp.7_4                             0x00001e64   Number         4  uart.o(.text.UART0_IRQHandler)
    [Anonymous Symbol]                       0x00001e68   Section        0  uart.o(.text.UART0_Init)
    __arm_cp.5_0                             0x00001f1c   Number         4  uart.o(.text.UART0_Init)
    __arm_cp.5_2                             0x00001f20   Number         4  uart.o(.text.UART0_Init)
    __arm_cp.5_3                             0x00001f24   Number         4  uart.o(.text.UART0_Init)
    __arm_cp.5_4                             0x00001f28   Number         4  uart.o(.text.UART0_Init)
    __arm_cp.5_5                             0x00001f2c   Number         4  uart.o(.text.UART0_Init)
    __arm_cp.5_6                             0x00001f30   Number         4  uart.o(.text.UART0_Init)
    __arm_cp.5_7                             0x00001f34   Number         4  uart.o(.text.UART0_Init)
    __arm_cp.5_8                             0x00001f38   Number         4  uart.o(.text.UART0_Init)
    __arm_cp.5_9                             0x00001f3c   Number         4  uart.o(.text.UART0_Init)
    __arm_cp.5_10                            0x00001f40   Number         4  uart.o(.text.UART0_Init)
    __arm_cp.5_11                            0x00001f44   Number         4  uart.o(.text.UART0_Init)
    [Anonymous Symbol]                       0x00001f48   Section        0  uart.o(.text.UART0_Transmit)
    __arm_cp.0_0                             0x00001f68   Number         4  uart.o(.text.UART0_Transmit)
    __arm_cp.0_1                             0x00001f6c   Number         4  uart.o(.text.UART0_Transmit)
    [Anonymous Symbol]                       0x00001f70   Section        0  uart.o(.text.UART0_TransmitInt16)
    __arm_cp.4_0                             0x00001fb4   Number         4  uart.o(.text.UART0_TransmitInt16)
    [Anonymous Symbol]                       0x00001fb8   Section        0  uart.o(.text.UART0_TransmitString)
    __NVIC_ClearPendingIRQ                   0x00001fdd   Thumb Code    40  pit.o(.text.__NVIC_ClearPendingIRQ)
    [Anonymous Symbol]                       0x00001fdc   Section        0  pit.o(.text.__NVIC_ClearPendingIRQ)
    __arm_cp.1_0                             0x00002004   Number         4  pit.o(.text.__NVIC_ClearPendingIRQ)
    __NVIC_EnableIRQ                         0x00002009   Thumb Code    40  pit.o(.text.__NVIC_EnableIRQ)
    [Anonymous Symbol]                       0x00002008   Section        0  pit.o(.text.__NVIC_EnableIRQ)
    __NVIC_EnableIRQ                         0x00002031   Thumb Code    40  uart.o(.text.__NVIC_EnableIRQ)
    [Anonymous Symbol]                       0x00002030   Section        0  uart.o(.text.__NVIC_EnableIRQ)
    __arm_cp.6_0                             0x00002058   Number         4  uart.o(.text.__NVIC_EnableIRQ)
    __NVIC_SetPriority                       0x0000205d   Thumb Code   124  pit.o(.text.__NVIC_SetPriority)
    [Anonymous Symbol]                       0x0000205c   Section        0  pit.o(.text.__NVIC_SetPriority)
    __arm_cp.2_0                             0x000020d8   Number         4  pit.o(.text.__NVIC_SetPriority)
    __arm_cp.2_1                             0x000020dc   Number         4  pit.o(.text.__NVIC_SetPriority)
    [Anonymous Symbol]                       0x000020e0   Section        0  i2c.o(.text.calibrate_x)
    __arm_cp.8_0                             0x00002130   Number         4  i2c.o(.text.calibrate_x)
    __arm_cp.8_1                             0x00002134   Number         4  i2c.o(.text.calibrate_x)
    __arm_cp.8_2                             0x00002138   Number         4  i2c.o(.text.calibrate_x)
    [Anonymous Symbol]                       0x0000213c   Section        0  gpio.o(.text.getBlue)
    [Anonymous Symbol]                       0x00002154   Section        0  gpio.o(.text.getGreen)
    __arm_cp.4_1                             0x00002164   Number         4  gpio.o(.text.getGreen)
    [Anonymous Symbol]                       0x00002168   Section        0  gpio.o(.text.getMagenta)
    __arm_cp.7_2                             0x00002188   Number         4  gpio.o(.text.getMagenta)
    [Anonymous Symbol]                       0x0000218c   Section        0  gpio.o(.text.getWhite)
    __arm_cp.3_0                             0x000021a4   Number         4  gpio.o(.text.getWhite)
    __arm_cp.3_1                             0x000021a8   Number         4  gpio.o(.text.getWhite)
    [Anonymous Symbol]                       0x000021ac   Section        0  i2c.o(.text.i2c_init)
    __arm_cp.0_0                             0x000021ec   Number         4  i2c.o(.text.i2c_init)
    __arm_cp.0_1                             0x000021f0   Number         4  i2c.o(.text.i2c_init)
    __arm_cp.0_2                             0x000021f4   Number         4  i2c.o(.text.i2c_init)
    __arm_cp.0_3                             0x000021f8   Number         4  i2c.o(.text.i2c_init)
    __arm_cp.0_4                             0x000021fc   Number         4  i2c.o(.text.i2c_init)
    __arm_cp.0_6                             0x00002200   Number         4  i2c.o(.text.i2c_init)
    [Anonymous Symbol]                       0x00002204   Section        0  i2c.o(.text.i2c_read_byte)
    [Anonymous Symbol]                       0x000022dc   Section        0  i2c.o(.text.i2c_read_bytes)
    [Anonymous Symbol]                       0x0000243c   Section        0  i2c.o(.text.i2c_write_byte)
    __arm_cp.4_0                             0x000024cc   Number         4  i2c.o(.text.i2c_write_byte)
    __arm_cp.4_1                             0x000024d0   Number         4  i2c.o(.text.i2c_write_byte)
    __arm_cp.4_2                             0x000024d4   Number         4  i2c.o(.text.i2c_write_byte)
    [Anonymous Symbol]                       0x000024d8   Section        0  i2c.o(.text.init_sensor)
    [Anonymous Symbol]                       0x0000251c   Section        0  main.o(.text.main)
    [Anonymous Symbol]                       0x0000254c   Section        0  i2c.o(.text.read_full_x)
    __arm_cp.6_0                             0x00002628   Number         4  i2c.o(.text.read_full_x)
    __arm_cp.6_1                             0x0000262c   Number         4  i2c.o(.text.read_full_x)
    __arm_cp.6_2                             0x00002630   Number         4  i2c.o(.text.read_full_x)
    __arm_cp.6_3                             0x00002634   Number         4  i2c.o(.text.read_full_x)
    [Anonymous Symbol]                       0x00002638   Section        0  main.o(.text.system_fsm)
    __arm_cp.0_0                             0x00002838   Number         4  main.o(.text.system_fsm)
    __arm_cp.0_1                             0x0000283c   Number         4  main.o(.text.system_fsm)
    __arm_cp.0_2                             0x00002840   Number         4  main.o(.text.system_fsm)
    __arm_cp.0_3                             0x00002844   Number         4  main.o(.text.system_fsm)
    __arm_cp.0_4                             0x00002848   Number         4  main.o(.text.system_fsm)
    __arm_cp.0_5                             0x0000284c   Number         4  main.o(.text.system_fsm)
    __arm_cp.0_6                             0x00002850   Number         4  main.o(.text.system_fsm)
    __arm_cp.0_7                             0x00002854   Number         4  main.o(.text.system_fsm)
    i.__ARM_common_ll_muluu                  0x00002858   Section        0  btod.o(i.__ARM_common_ll_muluu)
    i.__ARM_fpclassify                       0x00002888   Section        0  fpclassify.o(i.__ARM_fpclassify)
    i._is_digit                              0x000028b4   Section        0  __printf_wp.o(i._is_digit)
    locale$$code                             0x000028c4   Section       44  lc_numeric_c.o(locale$$code)
    locale$$code                             0x000028f0   Section       44  lc_ctype_c.o(locale$$code)
    x$fpl$fmul                               0x0000291c   Section      176  fmul.o(x$fpl$fmul)
    x$fpl$printf1                            0x000029cc   Section       16  printf1.o(x$fpl$printf1)
    x$fpl$printf2                            0x000029dc   Section       16  printf2.o(x$fpl$printf2)
    fdiv_tab                                 0x000029ec   Data          64  fdiv.o(.constdata)
    .constdata                               0x000029ec   Section       64  fdiv.o(.constdata)
    x$fpl$usenofp                            0x000029ec   Section        0  usenofp.o(x$fpl$usenofp)
    initial_mbstate                          0x00002a2c   Data           8  _printf_wctomb.o(.constdata)
    .constdata                               0x00002a2c   Section        8  _printf_wctomb.o(.constdata)
    uc_hextab                                0x00002a34   Data          20  _printf_hex_int_ll_ptr.o(.constdata)
    .constdata                               0x00002a34   Section       40  _printf_hex_int_ll_ptr.o(.constdata)
    lc_hextab                                0x00002a48   Data          20  _printf_hex_int_ll_ptr.o(.constdata)
    maptable                                 0x00002a5c   Data          17  __printf_flags_ss_wp.o(.constdata)
    .constdata                               0x00002a5c   Section       17  __printf_flags_ss_wp.o(.constdata)
    lc_hextab                                0x00002a6d   Data          19  _printf_fp_hex.o(.constdata)
    .constdata                               0x00002a6d   Section       38  _printf_fp_hex.o(.constdata)
    uc_hextab                                0x00002a80   Data          19  _printf_fp_hex.o(.constdata)
    tenpwrs_x                                0x00002a94   Data          60  bigflt0.o(.constdata)
    .constdata                               0x00002a94   Section      148  bigflt0.o(.constdata)
    tenpwrs_i                                0x00002ad0   Data          64  bigflt0.o(.constdata)
    [Anonymous Symbol]                       0x00002b28   Section        0  i2c.o(.rodata.str1.1)
    [Anonymous Symbol]                       0x00002b64   Section        0  uart.o(.rodata.str1.1)
    locale$$data                             0x00002b94   Section       28  lc_numeric_c.o(locale$$data)
    __lcnum_c_name                           0x00002b98   Data           2  lc_numeric_c.o(locale$$data)
    __lcnum_c_start                          0x00002ba0   Data           0  lc_numeric_c.o(locale$$data)
    __lcnum_c_point                          0x00002bac   Data           0  lc_numeric_c.o(locale$$data)
    __lcnum_c_thousands                      0x00002bae   Data           0  lc_numeric_c.o(locale$$data)
    __lcnum_c_grouping                       0x00002baf   Data           0  lc_numeric_c.o(locale$$data)
    __lcnum_c_end                            0x00002bb0   Data           0  lc_numeric_c.o(locale$$data)
    locale$$data                             0x00002bb0   Section      272  lc_ctype_c.o(locale$$data)
    __lcctype_c_name                         0x00002bb4   Data           2  lc_ctype_c.o(locale$$data)
    __lcctype_c_start                        0x00002bbc   Data           0  lc_ctype_c.o(locale$$data)
    __lcctype_c_end                          0x00002cc0   Data           0  lc_ctype_c.o(locale$$data)
    .bss                                     0x1ffff000   Section       96  libspace.o(.bss)
    Heap_Mem                                 0x1ffff070   Data           0  startup_mkl25z4.o(HEAP)
    Stack_Mem                                0x1ffff070   Data         256  startup_mkl25z4.o(STACK)
    HEAP                                     0x1ffff070   Section        0  startup_mkl25z4.o(HEAP)
    STACK                                    0x1ffff070   Section      256  startup_mkl25z4.o(STACK)
    __initial_sp                             0x1ffff170   Data           0  startup_mkl25z4.o(STACK)

    Global Symbols

    Symbol Name                              Value     Ov Type        Size  Object(Section)

    BuildAttributes$$THM_ISAv3M$S$PE$A:L22$X:L11$S22$IEEE1$IW$~IW$USESV6$~STKCKD$USESV7$~SHL$OTIME$ROPI$IEEEJ$EBA8$UX$STANDARDLIB$REQ8$PRES8$EABIv2 0x00000000   Number         0  anon$$obj.o ABSOLUTE
    __Vectors                                0x00000000   Data           4  startup_mkl25z4.o(RESET)
    _printf_flags                            0x00000000   Number         0  printf_stubs.o ABSOLUTE
    _printf_return_value                     0x00000000   Number         0  printf_stubs.o ABSOLUTE
    _printf_sizespec                         0x00000000   Number         0  printf_stubs.o ABSOLUTE
    _printf_widthprec                        0x00000000   Number         0  printf_stubs.o ABSOLUTE
    __ARM_exceptions_init                     - Undefined Weak Reference
    __alloca_initialize                       - Undefined Weak Reference
    __arm_preinit_                            - Undefined Weak Reference
    __arm_relocate_pie_                       - Undefined Weak Reference
    __cpp_initialize__aeabi_                  - Undefined Weak Reference
    __cxa_finalize                            - Undefined Weak Reference
    __sigvec_lookup                           - Undefined Weak Reference
    _atexit_init                              - Undefined Weak Reference
    _call_atexit_fns                          - Undefined Weak Reference
    _clock_init                               - Undefined Weak Reference
    _fp_trap_init                             - Undefined Weak Reference
    _fp_trap_shutdown                         - Undefined Weak Reference
    _get_lc_collate                           - Undefined Weak Reference
    _get_lc_monetary                          - Undefined Weak Reference
    _get_lc_time                              - Undefined Weak Reference
    _getenv_init                              - Undefined Weak Reference
    _handle_redirection                       - Undefined Weak Reference
    _init_alloc                               - Undefined Weak Reference
    _init_user_alloc                          - Undefined Weak Reference
    _initio                                   - Undefined Weak Reference
    _printf_mbtowc                            - Undefined Weak Reference
    _printf_wc                                - Undefined Weak Reference
    _rand_init                                - Undefined Weak Reference
    _signal_finish                            - Undefined Weak Reference
    _signal_init                              - Undefined Weak Reference
    _terminate_alloc                          - Undefined Weak Reference
    _terminate_user_alloc                     - Undefined Weak Reference
    _terminateio                              - Undefined Weak Reference
    __Vectors_End                            0x000000c0   Data           0  startup_mkl25z4.o(RESET)
    __Vectors_Size                           0x000000c0   Number         0  startup_mkl25z4.o ABSOLUTE
    __main                                   0x000000c1   Thumb Code     8  __main.o(!!!main)
    __scatterload                            0x000000c9   Thumb Code     0  __scatter.o(!!!scatter)
    __scatterload_rt2                        0x000000c9   Thumb Code    74  __scatter.o(!!!scatter)
    __scatterload_rt2_thumb_only             0x000000c9   Thumb Code     0  __scatter.o(!!!scatter)
    __scatterload_loop                       0x000000d3   Thumb Code     0  __scatter.o(!!!scatter)
    __scatterload_null                       0x0000011d   Thumb Code     2  __scatter.o(!!handler_null)
    __scatterload_zeroinit                   0x00000121   Thumb Code    28  __scatter_zi.o(!!handler_zi)
    _printf_percent                          0x0000013d   Thumb Code     0  _printf_percent.o(.ARM.Collect$$_printf_percent$$00000000)
    _printf_n                                0x0000013f   Thumb Code     0  _printf_n.o(.ARM.Collect$$_printf_percent$$00000001)
    _printf_p                                0x00000149   Thumb Code     0  _printf_p.o(.ARM.Collect$$_printf_percent$$00000002)
    _printf_f                                0x00000153   Thumb Code     0  _printf_f.o(.ARM.Collect$$_printf_percent$$00000003)
    _printf_e                                0x0000015d   Thumb Code     0  _printf_e.o(.ARM.Collect$$_printf_percent$$00000004)
    _printf_g                                0x00000167   Thumb Code     0  _printf_g.o(.ARM.Collect$$_printf_percent$$00000005)
    _printf_a                                0x00000171   Thumb Code     0  _printf_a.o(.ARM.Collect$$_printf_percent$$00000006)
    _printf_ll                               0x0000017b   Thumb Code     0  _printf_ll.o(.ARM.Collect$$_printf_percent$$00000007)
    _printf_i                                0x00000185   Thumb Code     0  _printf_i.o(.ARM.Collect$$_printf_percent$$00000008)
    _printf_d                                0x0000018f   Thumb Code     0  _printf_d.o(.ARM.Collect$$_printf_percent$$00000009)
    _printf_u                                0x00000199   Thumb Code     0  _printf_u.o(.ARM.Collect$$_printf_percent$$0000000A)
    _printf_o                                0x000001a3   Thumb Code     0  _printf_o.o(.ARM.Collect$$_printf_percent$$0000000B)
    _printf_x                                0x000001ad   Thumb Code     0  _printf_x.o(.ARM.Collect$$_printf_percent$$0000000C)
    _printf_lli                              0x000001b7   Thumb Code     0  _printf_lli.o(.ARM.Collect$$_printf_percent$$0000000D)
    _printf_lld                              0x000001c1   Thumb Code     0  _printf_lld.o(.ARM.Collect$$_printf_percent$$0000000E)
    _printf_llu                              0x000001cb   Thumb Code     0  _printf_llu.o(.ARM.Collect$$_printf_percent$$0000000F)
    _printf_llo                              0x000001d5   Thumb Code     0  _printf_llo.o(.ARM.Collect$$_printf_percent$$00000010)
    _printf_llx                              0x000001df   Thumb Code     0  _printf_llx.o(.ARM.Collect$$_printf_percent$$00000011)
    _printf_l                                0x000001e9   Thumb Code     0  _printf_l.o(.ARM.Collect$$_printf_percent$$00000012)
    _printf_c                                0x000001f3   Thumb Code     0  _printf_c.o(.ARM.Collect$$_printf_percent$$00000013)
    _printf_s                                0x000001fd   Thumb Code     0  _printf_s.o(.ARM.Collect$$_printf_percent$$00000014)
    _printf_lc                               0x00000207   Thumb Code     0  _printf_lc.o(.ARM.Collect$$_printf_percent$$00000015)
    _printf_ls                               0x00000211   Thumb Code     0  _printf_ls.o(.ARM.Collect$$_printf_percent$$00000016)
    _printf_percent_end                      0x0000021b   Thumb Code     0  _printf_percent_end.o(.ARM.Collect$$_printf_percent$$00000017)
    __rt_lib_init                            0x0000021f   Thumb Code     0  libinit.o(.ARM.Collect$$libinit$$00000000)
    __rt_lib_init_fp_1                       0x00000221   Thumb Code     0  libinit2.o(.ARM.Collect$$libinit$$00000002)
    __rt_lib_init_heap_1                     0x00000221   Thumb Code     0  libinit2.o(.ARM.Collect$$libinit$$0000000C)
    __rt_lib_init_lc_common                  0x00000221   Thumb Code     0  libinit2.o(.ARM.Collect$$libinit$$00000011)
    __rt_lib_init_preinit_1                  0x00000221   Thumb Code     0  libinit2.o(.ARM.Collect$$libinit$$00000006)
    __rt_lib_init_rand_1                     0x00000221   Thumb Code     0  libinit2.o(.ARM.Collect$$libinit$$00000010)
    __rt_lib_init_relocate_pie_1             0x00000221   Thumb Code     0  libinit2.o(.ARM.Collect$$libinit$$00000004)
    __rt_lib_init_user_alloc_1               0x00000221   Thumb Code     0  libinit2.o(.ARM.Collect$$libinit$$0000000E)
    __rt_lib_init_lc_collate_1               0x00000227   Thumb Code     0  libinit2.o(.ARM.Collect$$libinit$$00000013)
    __rt_lib_init_lc_ctype_2                 0x00000227   Thumb Code     0  libinit2.o(.ARM.Collect$$libinit$$00000014)
    __rt_lib_init_lc_ctype_1                 0x00000233   Thumb Code     0  libinit2.o(.ARM.Collect$$libinit$$00000015)
    __rt_lib_init_lc_monetary_1              0x00000233   Thumb Code     0  libinit2.o(.ARM.Collect$$libinit$$00000017)
    __rt_lib_init_lc_numeric_2               0x00000233   Thumb Code     0  libinit2.o(.ARM.Collect$$libinit$$00000018)
    __rt_lib_init_alloca_1                   0x0000023d   Thumb Code     0  libinit2.o(.ARM.Collect$$libinit$$00000030)
    __rt_lib_init_argv_1                     0x0000023d   Thumb Code     0  libinit2.o(.ARM.Collect$$libinit$$0000002E)
    __rt_lib_init_atexit_1                   0x0000023d   Thumb Code     0  libinit2.o(.ARM.Collect$$libinit$$0000001D)
    __rt_lib_init_clock_1                    0x0000023d   Thumb Code     0  libinit2.o(.ARM.Collect$$libinit$$00000023)
    __rt_lib_init_cpp_1                      0x0000023d   Thumb Code     0  libinit2.o(.ARM.Collect$$libinit$$00000034)
    __rt_lib_init_exceptions_1               0x0000023d   Thumb Code     0  libinit2.o(.ARM.Collect$$libinit$$00000032)
    __rt_lib_init_fp_trap_1                  0x0000023d   Thumb Code     0  libinit2.o(.ARM.Collect$$libinit$$00000021)
    __rt_lib_init_getenv_1                   0x0000023d   Thumb Code     0  libinit2.o(.ARM.Collect$$libinit$$00000025)
    __rt_lib_init_lc_numeric_1               0x0000023d   Thumb Code     0  libinit2.o(.ARM.Collect$$libinit$$00000019)
    __rt_lib_init_lc_time_1                  0x0000023d   Thumb Code     0  libinit2.o(.ARM.Collect$$libinit$$0000001B)
    __rt_lib_init_return                     0x0000023d   Thumb Code     0  libinit2.o(.ARM.Collect$$libinit$$00000035)
    __rt_lib_init_signal_1                   0x0000023d   Thumb Code     0  libinit2.o(.ARM.Collect$$libinit$$0000001F)
    __rt_lib_init_stdio_1                    0x0000023d   Thumb Code     0  libinit2.o(.ARM.Collect$$libinit$$00000027)
    __rt_lib_shutdown                        0x0000023f   Thumb Code     0  libshutdown.o(.ARM.Collect$$libshutdown$$00000000)
    __rt_lib_shutdown_cpp_1                  0x00000241   Thumb Code     0  libshutdown2.o(.ARM.Collect$$libshutdown$$00000002)
    __rt_lib_shutdown_fp_trap_1              0x00000241   Thumb Code     0  libshutdown2.o(.ARM.Collect$$libshutdown$$00000007)
    __rt_lib_shutdown_heap_1                 0x00000241   Thumb Code     0  libshutdown2.o(.ARM.Collect$$libshutdown$$0000000F)
    __rt_lib_shutdown_return                 0x00000241   Thumb Code     0  libshutdown2.o(.ARM.Collect$$libshutdown$$00000010)
    __rt_lib_shutdown_signal_1               0x00000241   Thumb Code     0  libshutdown2.o(.ARM.Collect$$libshutdown$$0000000A)
    __rt_lib_shutdown_stdio_1                0x00000241   Thumb Code     0  libshutdown2.o(.ARM.Collect$$libshutdown$$00000004)
    __rt_lib_shutdown_user_alloc_1           0x00000241   Thumb Code     0  libshutdown2.o(.ARM.Collect$$libshutdown$$0000000C)
    __rt_entry                               0x00000243   Thumb Code     0  __rtentry.o(.ARM.Collect$$rtentry$$00000000)
    __rt_entry_presh_1                       0x00000243   Thumb Code     0  __rtentry2.o(.ARM.Collect$$rtentry$$00000002)
    __rt_entry_sh                            0x00000243   Thumb Code     0  __rtentry4.o(.ARM.Collect$$rtentry$$00000004)
    __rt_entry_li                            0x00000249   Thumb Code     0  __rtentry2.o(.ARM.Collect$$rtentry$$0000000A)
    __rt_entry_postsh_1                      0x00000249   Thumb Code     0  __rtentry2.o(.ARM.Collect$$rtentry$$00000009)
    __rt_entry_main                          0x0000024d   Thumb Code     0  __rtentry2.o(.ARM.Collect$$rtentry$$0000000D)
    __rt_entry_postli_1                      0x0000024d   Thumb Code     0  __rtentry2.o(.ARM.Collect$$rtentry$$0000000C)
    __rt_exit                                0x00000255   Thumb Code     0  rtexit.o(.ARM.Collect$$rtexit$$00000000)
    __rt_exit_ls                             0x00000257   Thumb Code     0  rtexit2.o(.ARM.Collect$$rtexit$$00000003)
    __rt_exit_prels_1                        0x00000257   Thumb Code     0  rtexit2.o(.ARM.Collect$$rtexit$$00000002)
    __rt_exit_exit                           0x0000025b   Thumb Code     0  rtexit2.o(.ARM.Collect$$rtexit$$00000004)
    Reset_Handler                            0x00000261   Thumb Code    12  startup_mkl25z4.o(.text)
    NMI_Handler                              0x0000026d   Thumb Code     2  startup_mkl25z4.o(.text)
    HardFault_Handler                        0x0000026f   Thumb Code     2  startup_mkl25z4.o(.text)
    SVC_Handler                              0x00000271   Thumb Code     2  startup_mkl25z4.o(.text)
    PendSV_Handler                           0x00000273   Thumb Code     2  startup_mkl25z4.o(.text)
    SysTick_Handler                          0x00000275   Thumb Code     2  startup_mkl25z4.o(.text)
    ADC0_IRQHandler                          0x00000277   Thumb Code     0  startup_mkl25z4.o(.text)
    CMP0_IRQHandler                          0x00000277   Thumb Code     0  startup_mkl25z4.o(.text)
    DAC0_IRQHandler                          0x00000277   Thumb Code     0  startup_mkl25z4.o(.text)
    DMA0_IRQHandler                          0x00000277   Thumb Code     0  startup_mkl25z4.o(.text)
    DMA1_IRQHandler                          0x00000277   Thumb Code     0  startup_mkl25z4.o(.text)
    DMA2_IRQHandler                          0x00000277   Thumb Code     0  startup_mkl25z4.o(.text)
    DMA3_IRQHandler                          0x00000277   Thumb Code     0  startup_mkl25z4.o(.text)
    DefaultISR                               0x00000277   Thumb Code     0  startup_mkl25z4.o(.text)
    FTFA_IRQHandler                          0x00000277   Thumb Code     0  startup_mkl25z4.o(.text)
    I2C0_IRQHandler                          0x00000277   Thumb Code     0  startup_mkl25z4.o(.text)
    I2C1_IRQHandler                          0x00000277   Thumb Code     0  startup_mkl25z4.o(.text)
    LLWU_IRQHandler                          0x00000277   Thumb Code     0  startup_mkl25z4.o(.text)
    LPTMR0_IRQHandler                        0x00000277   Thumb Code     0  startup_mkl25z4.o(.text)
    LVD_LVW_IRQHandler                       0x00000277   Thumb Code     0  startup_mkl25z4.o(.text)
    MCG_IRQHandler                           0x00000277   Thumb Code     0  startup_mkl25z4.o(.text)
    PORTA_IRQHandler                         0x00000277   Thumb Code     0  startup_mkl25z4.o(.text)
    PORTD_IRQHandler                         0x00000277   Thumb Code     0  startup_mkl25z4.o(.text)
    RTC_IRQHandler                           0x00000277   Thumb Code     0  startup_mkl25z4.o(.text)
    RTC_Seconds_IRQHandler                   0x00000277   Thumb Code     0  startup_mkl25z4.o(.text)
    Reserved20_IRQHandler                    0x00000277   Thumb Code     0  startup_mkl25z4.o(.text)
    Reserved39_IRQHandler                    0x00000277   Thumb Code     0  startup_mkl25z4.o(.text)
    Reserved45_IRQHandler                    0x00000277   Thumb Code     0  startup_mkl25z4.o(.text)
    SPI0_IRQHandler                          0x00000277   Thumb Code     0  startup_mkl25z4.o(.text)
    SPI1_IRQHandler                          0x00000277   Thumb Code     0  startup_mkl25z4.o(.text)
    TPM0_IRQHandler                          0x00000277   Thumb Code     0  startup_mkl25z4.o(.text)
    TPM1_IRQHandler                          0x00000277   Thumb Code     0  startup_mkl25z4.o(.text)
    TPM2_IRQHandler                          0x00000277   Thumb Code     0  startup_mkl25z4.o(.text)
    TSI0_IRQHandler                          0x00000277   Thumb Code     0  startup_mkl25z4.o(.text)
    UART1_IRQHandler                         0x00000277   Thumb Code     0  startup_mkl25z4.o(.text)
    UART2_IRQHandler                         0x00000277   Thumb Code     0  startup_mkl25z4.o(.text)
    USB0_IRQHandler                          0x00000277   Thumb Code     0  startup_mkl25z4.o(.text)
    __user_initial_stackheap                 0x0000027d   Thumb Code     0  startup_mkl25z4.o(.text)
    sprintf                                  0x000002a1   Thumb Code    40  sprintf.o(.text)
    __use_two_region_memory                  0x000002cd   Thumb Code     2  heapauxi.o(.text)
    __rt_heap_escrow$2region                 0x000002cf   Thumb Code     2  heapauxi.o(.text)
    __rt_heap_expand$2region                 0x000002d1   Thumb Code     2  heapauxi.o(.text)
    __aeabi_f2iz                             0x000002d3   Thumb Code     0  ffixi.o(.text)
    _ffix                                    0x000002d3   Thumb Code    76  ffixi.o(.text)
    __aeabi_i2f_normalise                    0x0000031f   Thumb Code    72  fflti.o(.text)
    __aeabi_i2f                              0x00000367   Thumb Code    16  fflti.o(.text)
    _fflt                                    0x00000367   Thumb Code     0  fflti.o(.text)
    __aeabi_ui2f                             0x00000377   Thumb Code     6  fflti.o(.text)
    _ffltu                                   0x00000377   Thumb Code     0  fflti.o(.text)
    _printf_pre_padding                      0x0000037d   Thumb Code    44  _printf_pad.o(.text)
    _printf_post_padding                     0x000003a9   Thumb Code    34  _printf_pad.o(.text)
    _printf_truncate_signed                  0x000003cb   Thumb Code    18  _printf_truncate.o(.text)
    _printf_truncate_unsigned                0x000003dd   Thumb Code    18  _printf_truncate.o(.text)
    _sputc                                   0x000003ef   Thumb Code    10  _sputc.o(.text)
    __rt_locale                              0x000003f9   Thumb Code     8  rt_locale_intlibspace.o(.text)
    __aeabi_uidiv                            0x00000411   Thumb Code     0  aeabi_sdiv.o(.text)
    __aeabi_uidivmod                         0x00000411   Thumb Code    20  aeabi_sdiv.o(.text)
    __aeabi_idiv                             0x00000425   Thumb Code     0  aeabi_sdiv.o(.text)
    __aeabi_idivmod                          0x00000425   Thumb Code   338  aeabi_sdiv.o(.text)
    __aeabi_fdiv                             0x0000057d   Thumb Code     0  fdiv.o(.text)
    __divsf3                                 0x0000057d   Thumb Code     0  fdiv.o(.text)
    _fdiv                                    0x0000057d   Thumb Code   334  fdiv.o(.text)
    _frdiv                                   0x000006cb   Thumb Code     8  fdiv.o(.text)
    _printf_str                              0x000006dd   Thumb Code    82  _printf_str.o(.text)
    _printf_int_dec                          0x00000731   Thumb Code    90  _printf_dec.o(.text)
    _printf_charcount                        0x0000079d   Thumb Code    38  _printf_charcount.o(.text)
    _printf_char_common                      0x000007cf   Thumb Code    32  _printf_char_common.o(.text)
    _printf_wctomb                           0x000007f5   Thumb Code   182  _printf_wctomb.o(.text)
    _printf_longlong_dec                     0x000008b1   Thumb Code    94  _printf_longlong_dec.o(.text)
    _printf_longlong_oct                     0x00000921   Thumb Code    68  _printf_oct_int_ll.o(.text)
    _printf_int_oct                          0x00000965   Thumb Code    24  _printf_oct_int_ll.o(.text)
    _printf_ll_oct                           0x0000097d   Thumb Code    10  _printf_oct_int_ll.o(.text)
    _printf_longlong_hex                     0x00000991   Thumb Code    88  _printf_hex_int_ll_ptr.o(.text)
    _printf_int_hex                          0x000009e9   Thumb Code    28  _printf_hex_int_ll_ptr.o(.text)
    _printf_ll_hex                           0x00000a05   Thumb Code    10  _printf_hex_int_ll_ptr.o(.text)
    _printf_hex_ptr                          0x00000a0f   Thumb Code    22  _printf_hex_int_ll_ptr.o(.text)
    __printf                                 0x00000a29   Thumb Code   386  __printf_flags_ss_wp.o(.text)
    _ll_udiv10                               0x00000bb1   Thumb Code   122  lludiv10.o(.text)
    _printf_int_common                       0x00000c2b   Thumb Code   176  _printf_intcommon.o(.text)
    _printf_fp_dec_real                      0x00000e79   Thumb Code   620  _printf_fp_dec.o(.text)
    _printf_fp_hex_real                      0x000010f1   Thumb Code   718  _printf_fp_hex.o(.text)
    _printf_cs_common                        0x000013c9   Thumb Code    22  _printf_char.o(.text)
    _printf_char                             0x000013df   Thumb Code    16  _printf_char.o(.text)
    _printf_string                           0x000013ef   Thumb Code     8  _printf_char.o(.text)
    _printf_lcs_common                       0x000013f7   Thumb Code    22  _printf_wchar.o(.text)
    _printf_wchar                            0x0000140d   Thumb Code    16  _printf_wchar.o(.text)
    _printf_wstring                          0x0000141d   Thumb Code     8  _printf_wchar.o(.text)
    _c16rtomb                                0x00001425   Thumb Code    66  _c16rtomb.o(.text)
    _wcrtomb                                 0x00001425   Thumb Code     0  _c16rtomb.o(.text)
    __rt_udiv10                              0x00001467   Thumb Code    40  rtudiv10.o(.text)
    __user_setup_stackheap                   0x0000148f   Thumb Code    62  sys_stackheap_outer.o(.text)
    __rt_ctype_table                         0x000014cd   Thumb Code    16  rt_ctype_table.o(.text)
    _printf_fp_infnan                        0x000014dd   Thumb Code   120  _printf_fp_infnan.o(.text)
    _btod_etento                             0x00001565   Thumb Code   210  bigflt0.o(.text)
    _btod_d2e                                0x0000163d   Thumb Code    64  btod.o(.text)
    _btod_emul                               0x00001a71   Thumb Code    28  btod.o(.text)
    _btod_emuld                              0x00001a8d   Thumb Code   144  btod.o(.text)
    _btod_ediv                               0x00001b1d   Thumb Code    26  btod.o(.text)
    _btod_edivd                              0x00001b37   Thumb Code   124  btod.o(.text)
    exit                                     0x00001bbd   Thumb Code    16  exit.o(.text)
    __user_libspace                          0x00001bcd   Thumb Code     8  libspace.o(.text)
    __user_perproc_libspace                  0x00001bcd   Thumb Code     0  libspace.o(.text)
    __user_perthread_libspace                0x00001bcd   Thumb Code     0  libspace.o(.text)
    strcmp                                   0x00001bd5   Thumb Code   132  strcmp.o(.text)
    _sys_exit                                0x00001c5d   Thumb Code     8  sys_exit.o(.text)
    __I$use$semihosting                      0x00001c69   Thumb Code     0  use_no_semi.o(.text)
    __use_no_semihosting_swi                 0x00001c69   Thumb Code     2  use_no_semi.o(.text)
    __semihosting_library_function           0x00001c6b   Thumb Code     0  indicate_semi.o(.text)
    Delay                                    0x00001c6d   Thumb Code    36  i2c.o(.text.Delay)
    OutputPIN_Init                           0x00001c95   Thumb Code   132  gpio.o(.text.OutputPIN_Init)
    PIT_IRQHandler                           0x00001d39   Thumb Code    68  pit.o(.text.PIT_IRQHandler)
    PIT_Init                                 0x00001d95   Thumb Code   100  pit.o(.text.PIT_Init)
    SystemInit                               0x00001e19   Thumb Code     8  system_mkl25z4.o(.text.SystemInit)
    UART0_IRQHandler                         0x00001e25   Thumb Code    56  uart.o(.text.UART0_IRQHandler)
    UART0_Init                               0x00001e69   Thumb Code   180  uart.o(.text.UART0_Init)
    UART0_Transmit                           0x00001f49   Thumb Code    32  uart.o(.text.UART0_Transmit)
    UART0_TransmitInt16                      0x00001f71   Thumb Code    68  uart.o(.text.UART0_TransmitInt16)
    UART0_TransmitString                     0x00001fb9   Thumb Code    36  uart.o(.text.UART0_TransmitString)
    calibrate_x                              0x000020e1   Thumb Code    80  i2c.o(.text.calibrate_x)
    getBlue                                  0x0000213d   Thumb Code    24  gpio.o(.text.getBlue)
    getGreen                                 0x00002155   Thumb Code    16  gpio.o(.text.getGreen)
    getMagenta                               0x00002169   Thumb Code    32  gpio.o(.text.getMagenta)
    getWhite                                 0x0000218d   Thumb Code    24  gpio.o(.text.getWhite)
    i2c_init                                 0x000021ad   Thumb Code    64  i2c.o(.text.i2c_init)
    i2c_read_byte                            0x00002205   Thumb Code   216  i2c.o(.text.i2c_read_byte)
    i2c_read_bytes                           0x000022dd   Thumb Code   352  i2c.o(.text.i2c_read_bytes)
    i2c_write_byte                           0x0000243d   Thumb Code   144  i2c.o(.text.i2c_write_byte)
    init_sensor                              0x000024d9   Thumb Code    68  i2c.o(.text.init_sensor)
    main                                     0x0000251d   Thumb Code    48  main.o(.text.main)
    read_full_x                              0x0000254d   Thumb Code   220  i2c.o(.text.read_full_x)
    system_fsm                               0x00002639   Thumb Code   512  main.o(.text.system_fsm)
    __ARM_common_ll_muluu                    0x00002859   Thumb Code    48  btod.o(i.__ARM_common_ll_muluu)
    __ARM_fpclassify                         0x00002889   Thumb Code    40  fpclassify.o(i.__ARM_fpclassify)
    _is_digit                                0x000028b5   Thumb Code    14  __printf_wp.o(i._is_digit)
    _get_lc_numeric                          0x000028c5   Thumb Code    44  lc_numeric_c.o(locale$$code)
    _get_lc_ctype                            0x000028f1   Thumb Code    44  lc_ctype_c.o(locale$$code)
    __aeabi_fmul                             0x0000291d   Thumb Code     0  fmul.o(x$fpl$fmul)
    _fmul                                    0x0000291d   Thumb Code   172  fmul.o(x$fpl$fmul)
    _printf_fp_dec                           0x000029cd   Thumb Code    16  printf1.o(x$fpl$printf1)
    _printf_fp_hex                           0x000029dd   Thumb Code    16  printf2.o(x$fpl$printf2)
    __I$use$fp                               0x000029ec   Number         0  usenofp.o(x$fpl$usenofp)
    Region$$Table$$Base                      0x00002b84   Number         0  anon$$obj.o(Region$$Table)
    Region$$Table$$Limit                     0x00002b94   Number         0  anon$$obj.o(Region$$Table)
    __ctype                                  0x00002bbd   Data           0  lc_ctype_c.o(locale$$data)
    __libspace_start                         0x1ffff000   Data          96  libspace.o(.bss)
    __temporary_stack_top$libspace           0x1ffff060   Data           0  libspace.o(.bss)
    accel_data_ready                         0x1ffff060   Data           1  pit.o(.bss.accel_data_ready)
    c                                        0x1ffff061   Data           1  uart.o(.bss.c)
    current_state                            0x1ffff062   Data           1  main.o(.bss.current_state)
    current_system_state                     0x1ffff063   Data           1  main.o(.bss.current_system_state)
    led_semaphore                            0x1ffff064   Data           1  pit.o(.bss.led_semaphore)
    led_timer_elapsed                        0x1ffff065   Data           1  pit.o(.bss.led_timer_elapsed)
    read_accel_semaphore                     0x1ffff066   Data           1  pit.o(.bss.read_accel_semaphore)
    reverse                                  0x1ffff067   Data           1  main.o(.bss.reverse)
    x_offset                                 0x1ffff068   Data           2  i2c.o(.bss.x_offset)
    x_value                                  0x1ffff06a   Data           2  main.o(.bss.x_value)



==============================================================================

Memory Map of the image

  Image Entry point : 0x00000261

  Load Region LR_1 (Base: 0x00000000, Size: 0x00002cc0, Max: 0xffffffff, ABSOLUTE)

    Execution Region ER_RO (Exec base: 0x00000000, Load base: 0x00000000, Size: 0x00002cc0, Max: 0xffffffff, ABSOLUTE)

    Exec Addr    Load Addr    Size         Type   Attr      Idx    E Section Name        Object

    0x00000000   0x00000000   0x000000c0   Data   RO          116    RESET               startup_mkl25z4.o
    0x000000c0   0x000000c0   0x00000008   Code   RO          148  * !!!main             c_p.l(__main.o)
    0x000000c8   0x000000c8   0x00000054   Code   RO          490    !!!scatter          c_p.l(__scatter.o)
    0x0000011c   0x0000011c   0x00000002   Code   RO          491    !!handler_null      c_p.l(__scatter.o)
    0x0000011e   0x0000011e   0x00000002   PAD
    0x00000120   0x00000120   0x0000001c   Code   RO          494    !!handler_zi        c_p.l(__scatter_zi.o)
    0x0000013c   0x0000013c   0x00000002   Code   RO          245    .ARM.Collect$$_printf_percent$$00000000  c_p.l(_printf_percent.o)
    0x0000013e   0x0000013e   0x0000000a   Code   RO          234    .ARM.Collect$$_printf_percent$$00000001  c_p.l(_printf_n.o)
    0x00000148   0x00000148   0x0000000a   Code   RO          236    .ARM.Collect$$_printf_percent$$00000002  c_p.l(_printf_p.o)
    0x00000152   0x00000152   0x0000000a   Code   RO          241    .ARM.Collect$$_printf_percent$$00000003  c_p.l(_printf_f.o)
    0x0000015c   0x0000015c   0x0000000a   Code   RO          242    .ARM.Collect$$_printf_percent$$00000004  c_p.l(_printf_e.o)
    0x00000166   0x00000166   0x0000000a   Code   RO          243    .ARM.Collect$$_printf_percent$$00000005  c_p.l(_printf_g.o)
    0x00000170   0x00000170   0x0000000a   Code   RO          244    .ARM.Collect$$_printf_percent$$00000006  c_p.l(_printf_a.o)
    0x0000017a   0x0000017a   0x0000000a   Code   RO          249    .ARM.Collect$$_printf_percent$$00000007  c_p.l(_printf_ll.o)
    0x00000184   0x00000184   0x0000000a   Code   RO          238    .ARM.Collect$$_printf_percent$$00000008  c_p.l(_printf_i.o)
    0x0000018e   0x0000018e   0x0000000a   Code   RO          239    .ARM.Collect$$_printf_percent$$00000009  c_p.l(_printf_d.o)
    0x00000198   0x00000198   0x0000000a   Code   RO          240    .ARM.Collect$$_printf_percent$$0000000A  c_p.l(_printf_u.o)
    0x000001a2   0x000001a2   0x0000000a   Code   RO          237    .ARM.Collect$$_printf_percent$$0000000B  c_p.l(_printf_o.o)
    0x000001ac   0x000001ac   0x0000000a   Code   RO          235    .ARM.Collect$$_printf_percent$$0000000C  c_p.l(_printf_x.o)
    0x000001b6   0x000001b6   0x0000000a   Code   RO          246    .ARM.Collect$$_printf_percent$$0000000D  c_p.l(_printf_lli.o)
    0x000001c0   0x000001c0   0x0000000a   Code   RO          247    .ARM.Collect$$_printf_percent$$0000000E  c_p.l(_printf_lld.o)
    0x000001ca   0x000001ca   0x0000000a   Code   RO          248    .ARM.Collect$$_printf_percent$$0000000F  c_p.l(_printf_llu.o)
    0x000001d4   0x000001d4   0x0000000a   Code   RO          253    .ARM.Collect$$_printf_percent$$00000010  c_p.l(_printf_llo.o)
    0x000001de   0x000001de   0x0000000a   Code   RO          254    .ARM.Collect$$_printf_percent$$00000011  c_p.l(_printf_llx.o)
    0x000001e8   0x000001e8   0x0000000a   Code   RO          250    .ARM.Collect$$_printf_percent$$00000012  c_p.l(_printf_l.o)
    0x000001f2   0x000001f2   0x0000000a   Code   RO          232    .ARM.Collect$$_printf_percent$$00000013  c_p.l(_printf_c.o)
    0x000001fc   0x000001fc   0x0000000a   Code   RO          233    .ARM.Collect$$_printf_percent$$00000014  c_p.l(_printf_s.o)
    0x00000206   0x00000206   0x0000000a   Code   RO          251    .ARM.Collect$$_printf_percent$$00000015  c_p.l(_printf_lc.o)
    0x00000210   0x00000210   0x0000000a   Code   RO          252    .ARM.Collect$$_printf_percent$$00000016  c_p.l(_printf_ls.o)
    0x0000021a   0x0000021a   0x00000004   Code   RO          298    .ARM.Collect$$_printf_percent$$00000017  c_p.l(_printf_percent_end.o)
    0x0000021e   0x0000021e   0x00000002   Code   RO          338    .ARM.Collect$$libinit$$00000000  c_p.l(libinit.o)
    0x00000220   0x00000220   0x00000000   Code   RO          363    .ARM.Collect$$libinit$$00000002  c_p.l(libinit2.o)
    0x00000220   0x00000220   0x00000000   Code   RO          365    .ARM.Collect$$libinit$$00000004  c_p.l(libinit2.o)
    0x00000220   0x00000220   0x00000000   Code   RO          367    .ARM.Collect$$libinit$$00000006  c_p.l(libinit2.o)
    0x00000220   0x00000220   0x00000000   Code   RO          370    .ARM.Collect$$libinit$$0000000C  c_p.l(libinit2.o)
    0x00000220   0x00000220   0x00000000   Code   RO          372    .ARM.Collect$$libinit$$0000000E  c_p.l(libinit2.o)
    0x00000220   0x00000220   0x00000000   Code   RO          374    .ARM.Collect$$libinit$$00000010  c_p.l(libinit2.o)
    0x00000220   0x00000220   0x00000006   Code   RO          375    .ARM.Collect$$libinit$$00000011  c_p.l(libinit2.o)
    0x00000226   0x00000226   0x00000000   Code   RO          377    .ARM.Collect$$libinit$$00000013  c_p.l(libinit2.o)
    0x00000226   0x00000226   0x0000000c   Code   RO          378    .ARM.Collect$$libinit$$00000014  c_p.l(libinit2.o)
    0x00000232   0x00000232   0x00000000   Code   RO          379    .ARM.Collect$$libinit$$00000015  c_p.l(libinit2.o)
    0x00000232   0x00000232   0x00000000   Code   RO          381    .ARM.Collect$$libinit$$00000017  c_p.l(libinit2.o)
    0x00000232   0x00000232   0x0000000a   Code   RO          382    .ARM.Collect$$libinit$$00000018  c_p.l(libinit2.o)
    0x0000023c   0x0000023c   0x00000000   Code   RO          383    .ARM.Collect$$libinit$$00000019  c_p.l(libinit2.o)
    0x0000023c   0x0000023c   0x00000000   Code   RO          385    .ARM.Collect$$libinit$$0000001B  c_p.l(libinit2.o)
    0x0000023c   0x0000023c   0x00000000   Code   RO          387    .ARM.Collect$$libinit$$0000001D  c_p.l(libinit2.o)
    0x0000023c   0x0000023c   0x00000000   Code   RO          389    .ARM.Collect$$libinit$$0000001F  c_p.l(libinit2.o)
    0x0000023c   0x0000023c   0x00000000   Code   RO          391    .ARM.Collect$$libinit$$00000021  c_p.l(libinit2.o)
    0x0000023c   0x0000023c   0x00000000   Code   RO          393    .ARM.Collect$$libinit$$00000023  c_p.l(libinit2.o)
    0x0000023c   0x0000023c   0x00000000   Code   RO          395    .ARM.Collect$$libinit$$00000025  c_p.l(libinit2.o)
    0x0000023c   0x0000023c   0x00000000   Code   RO          397    .ARM.Collect$$libinit$$00000027  c_p.l(libinit2.o)
    0x0000023c   0x0000023c   0x00000000   Code   RO          401    .ARM.Collect$$libinit$$0000002E  c_p.l(libinit2.o)
    0x0000023c   0x0000023c   0x00000000   Code   RO          403    .ARM.Collect$$libinit$$00000030  c_p.l(libinit2.o)
    0x0000023c   0x0000023c   0x00000000   Code   RO          405    .ARM.Collect$$libinit$$00000032  c_p.l(libinit2.o)
    0x0000023c   0x0000023c   0x00000000   Code   RO          407    .ARM.Collect$$libinit$$00000034  c_p.l(libinit2.o)
    0x0000023c   0x0000023c   0x00000002   Code   RO          408    .ARM.Collect$$libinit$$00000035  c_p.l(libinit2.o)
    0x0000023e   0x0000023e   0x00000002   Code   RO          445    .ARM.Collect$$libshutdown$$00000000  c_p.l(libshutdown.o)
    0x00000240   0x00000240   0x00000000   Code   RO          473    .ARM.Collect$$libshutdown$$00000002  c_p.l(libshutdown2.o)
    0x00000240   0x00000240   0x00000000   Code   RO          475    .ARM.Collect$$libshutdown$$00000004  c_p.l(libshutdown2.o)
    0x00000240   0x00000240   0x00000000   Code   RO          478    .ARM.Collect$$libshutdown$$00000007  c_p.l(libshutdown2.o)
    0x00000240   0x00000240   0x00000000   Code   RO          481    .ARM.Collect$$libshutdown$$0000000A  c_p.l(libshutdown2.o)
    0x00000240   0x00000240   0x00000000   Code   RO          483    .ARM.Collect$$libshutdown$$0000000C  c_p.l(libshutdown2.o)
    0x00000240   0x00000240   0x00000000   Code   RO          486    .ARM.Collect$$libshutdown$$0000000F  c_p.l(libshutdown2.o)
    0x00000240   0x00000240   0x00000002   Code   RO          487    .ARM.Collect$$libshutdown$$00000010  c_p.l(libshutdown2.o)
    0x00000242   0x00000242   0x00000000   Code   RO          159    .ARM.Collect$$rtentry$$00000000  c_p.l(__rtentry.o)
    0x00000242   0x00000242   0x00000000   Code   RO          265    .ARM.Collect$$rtentry$$00000002  c_p.l(__rtentry2.o)
    0x00000242   0x00000242   0x00000006   Code   RO          277    .ARM.Collect$$rtentry$$00000004  c_p.l(__rtentry4.o)
    0x00000248   0x00000248   0x00000000   Code   RO          267    .ARM.Collect$$rtentry$$00000009  c_p.l(__rtentry2.o)
    0x00000248   0x00000248   0x00000004   Code   RO          268    .ARM.Collect$$rtentry$$0000000A  c_p.l(__rtentry2.o)
    0x0000024c   0x0000024c   0x00000000   Code   RO          270    .ARM.Collect$$rtentry$$0000000C  c_p.l(__rtentry2.o)
    0x0000024c   0x0000024c   0x00000008   Code   RO          271    .ARM.Collect$$rtentry$$0000000D  c_p.l(__rtentry2.o)
    0x00000254   0x00000254   0x00000002   Code   RO          347    .ARM.Collect$$rtexit$$00000000  c_p.l(rtexit.o)
    0x00000256   0x00000256   0x00000000   Code   RO          414    .ARM.Collect$$rtexit$$00000002  c_p.l(rtexit2.o)
    0x00000256   0x00000256   0x00000004   Code   RO          415    .ARM.Collect$$rtexit$$00000003  c_p.l(rtexit2.o)
    0x0000025a   0x0000025a   0x00000006   Code   RO          416    .ARM.Collect$$rtexit$$00000004  c_p.l(rtexit2.o)
    0x00000260   0x00000260   0x00000040   Code   RO          118  * .text               startup_mkl25z4.o
    0x000002a0   0x000002a0   0x0000002c   Code   RO          140    .text               c_p.l(sprintf.o)
    0x000002cc   0x000002cc   0x00000006   Code   RO          146    .text               c_p.l(heapauxi.o)
    0x000002d2   0x000002d2   0x0000004c   Code   RO          153    .text               fz_ps.l(ffixi.o)
    0x0000031e   0x0000031e   0x0000005e   Code   RO          155    .text               fz_ps.l(fflti.o)
    0x0000037c   0x0000037c   0x0000004e   Code   RO          166    .text               c_p.l(_printf_pad.o)
    0x000003ca   0x000003ca   0x00000024   Code   RO          168    .text               c_p.l(_printf_truncate.o)
    0x000003ee   0x000003ee   0x0000000a   Code   RO          178    .text               c_p.l(_sputc.o)
    0x000003f8   0x000003f8   0x00000008   Code   RO          311    .text               c_p.l(rt_locale_intlibspace.o)
    0x00000400   0x00000400   0x00000010   Code   RO          117    .ARM.__at_0x400     startup_mkl25z4.o
    0x00000410   0x00000410   0x0000016c   Code   RO          142    .text               c_p.l(aeabi_sdiv.o)
    0x0000057c   0x0000057c   0x00000160   Code   RO          150    .text               fz_ps.l(fdiv.o)
    0x000006dc   0x000006dc   0x00000052   Code   RO          170    .text               c_p.l(_printf_str.o)
    0x0000072e   0x0000072e   0x00000002   PAD
    0x00000730   0x00000730   0x0000006c   Code   RO          172    .text               c_p.l(_printf_dec.o)
    0x0000079c   0x0000079c   0x00000026   Code   RO          174    .text               c_p.l(_printf_charcount.o)
    0x000007c2   0x000007c2   0x00000002   PAD
    0x000007c4   0x000007c4   0x00000030   Code   RO          176    .text               c_p.l(_printf_char_common.o)
    0x000007f4   0x000007f4   0x000000bc   Code   RO          180    .text               c_p.l(_printf_wctomb.o)
    0x000008b0   0x000008b0   0x00000070   Code   RO          183    .text               c_p.l(_printf_longlong_dec.o)
    0x00000920   0x00000920   0x00000070   Code   RO          189    .text               c_p.l(_printf_oct_int_ll.o)
    0x00000990   0x00000990   0x00000098   Code   RO          209    .text               c_p.l(_printf_hex_int_ll_ptr.o)
    0x00000a28   0x00000a28   0x00000188   Code   RO          229    .text               c_p.l(__printf_flags_ss_wp.o)
    0x00000bb0   0x00000bb0   0x0000007a   Code   RO          281    .text               c_p.l(lludiv10.o)
    0x00000c2a   0x00000c2a   0x000000b0   Code   RO          283    .text               c_p.l(_printf_intcommon.o)
    0x00000cda   0x00000cda   0x00000002   PAD
    0x00000cdc   0x00000cdc   0x00000414   Code   RO          285    .text               c_p.l(_printf_fp_dec.o)
    0x000010f0   0x000010f0   0x000002d8   Code   RO          289    .text               c_p.l(_printf_fp_hex.o)
    0x000013c8   0x000013c8   0x0000002e   Code   RO          294    .text               c_p.l(_printf_char.o)
    0x000013f6   0x000013f6   0x0000002e   Code   RO          296    .text               c_p.l(_printf_wchar.o)
    0x00001424   0x00001424   0x00000042   Code   RO          299    .text               c_p.l(_c16rtomb.o)
    0x00001466   0x00001466   0x00000028   Code   RO          301    .text               c_p.l(rtudiv10.o)
    0x0000148e   0x0000148e   0x0000003e   Code   RO          303    .text               c_p.l(sys_stackheap_outer.o)
    0x000014cc   0x000014cc   0x00000010   Code   RO          306    .text               c_p.l(rt_ctype_table.o)
    0x000014dc   0x000014dc   0x00000088   Code   RO          313    .text               c_p.l(_printf_fp_infnan.o)
    0x00001564   0x00001564   0x000000d8   Code   RO          315    .text               c_p.l(bigflt0.o)
    0x0000163c   0x0000163c   0x00000580   Code   RO          318    .text               c_p.l(btod.o)
    0x00001bbc   0x00001bbc   0x00000010   Code   RO          327    .text               c_p.l(exit.o)
    0x00001bcc   0x00001bcc   0x00000008   Code   RO          343    .text               c_p.l(libspace.o)
    0x00001bd4   0x00001bd4   0x00000088   Code   RO          360    .text               c_p.l(strcmp.o)
    0x00001c5c   0x00001c5c   0x0000000c   Code   RO          409    .text               c_p.l(sys_exit.o)
    0x00001c68   0x00001c68   0x00000002   Code   RO          434    .text               c_p.l(use_no_semi.o)
    0x00001c6a   0x00001c6a   0x00000000   Code   RO          436    .text               c_p.l(indicate_semi.o)
    0x00001c6a   0x00001c6a   0x00000002   PAD
    0x00001c6c   0x00001c6c   0x00000028   Code   RO           27    .text.Delay         i2c.o
    0x00001c94   0x00001c94   0x000000a4   Code   RO            2    .text.OutputPIN_Init  gpio.o
    0x00001d38   0x00001d38   0x0000005c   Code   RO           77    .text.PIT_IRQHandler  pit.o
    0x00001d94   0x00001d94   0x00000084   Code   RO           69    .text.PIT_Init      pit.o
    0x00001e18   0x00001e18   0x0000000c   Code   RO          127    .text.SystemInit    system_mkl25z4.o
    0x00001e24   0x00001e24   0x00000044   Code   RO          104    .text.UART0_IRQHandler  uart.o
    0x00001e68   0x00001e68   0x000000e0   Code   RO          100    .text.UART0_Init    uart.o
    0x00001f48   0x00001f48   0x00000028   Code   RO           90    .text.UART0_Transmit  uart.o
    0x00001f70   0x00001f70   0x00000048   Code   RO           98    .text.UART0_TransmitInt16  uart.o
    0x00001fb8   0x00001fb8   0x00000024   Code   RO           92    .text.UART0_TransmitString  uart.o
    0x00001fdc   0x00001fdc   0x0000002c   Code   RO           71    .text.__NVIC_ClearPendingIRQ  pit.o
    0x00002008   0x00002008   0x00000028   Code   RO           75    .text.__NVIC_EnableIRQ  pit.o
    0x00002030   0x00002030   0x0000002c   Code   RO          102    .text.__NVIC_EnableIRQ  uart.o
    0x0000205c   0x0000205c   0x00000084   Code   RO           73    .text.__NVIC_SetPriority  pit.o
    0x000020e0   0x000020e0   0x0000005c   Code   RO           41    .text.calibrate_x   i2c.o
    0x0000213c   0x0000213c   0x00000018   Code   RO           14    .text.getBlue       gpio.o
    0x00002154   0x00002154   0x00000014   Code   RO           10    .text.getGreen      gpio.o
    0x00002168   0x00002168   0x00000024   Code   RO           16    .text.getMagenta    gpio.o
    0x0000218c   0x0000218c   0x00000020   Code   RO            8    .text.getWhite      gpio.o
    0x000021ac   0x000021ac   0x00000058   Code   RO           25    .text.i2c_init      i2c.o
    0x00002204   0x00002204   0x000000d8   Code   RO           31    .text.i2c_read_byte  i2c.o
    0x000022dc   0x000022dc   0x00000160   Code   RO           35    .text.i2c_read_bytes  i2c.o
    0x0000243c   0x0000243c   0x0000009c   Code   RO           33    .text.i2c_write_byte  i2c.o
    0x000024d8   0x000024d8   0x00000044   Code   RO           29    .text.init_sensor   i2c.o
    0x0000251c   0x0000251c   0x00000030   Code   RO           55    .text.main          main.o
    0x0000254c   0x0000254c   0x000000ec   Code   RO           37    .text.read_full_x   i2c.o
    0x00002638   0x00002638   0x00000220   Code   RO           53    .text.system_fsm    main.o
    0x00002858   0x00002858   0x00000030   Code   RO          320    i.__ARM_common_ll_muluu  c_p.l(btod.o)
    0x00002888   0x00002888   0x0000002c   Code   RO          341    i.__ARM_fpclassify  m_ps.l(fpclassify.o)
    0x000028b4   0x000028b4   0x0000000e   Code   RO          222    i._is_digit         c_p.l(__printf_wp.o)
    0x000028c2   0x000028c2   0x00000002   PAD
    0x000028c4   0x000028c4   0x0000002c   Code   RO          325    locale$$code        c_p.l(lc_numeric_c.o)
    0x000028f0   0x000028f0   0x0000002c   Code   RO          354    locale$$code        c_p.l(lc_ctype_c.o)
    0x0000291c   0x0000291c   0x000000b0   Code   RO          157    x$fpl$fmul          fz_ps.l(fmul.o)
    0x000029cc   0x000029cc   0x00000010   Code   RO          255    x$fpl$printf1       fz_ps.l(printf1.o)
    0x000029dc   0x000029dc   0x00000010   Code   RO          257    x$fpl$printf2       fz_ps.l(printf2.o)
    0x000029ec   0x000029ec   0x00000000   Code   RO          263    x$fpl$usenofp       fz_ps.l(usenofp.o)
    0x000029ec   0x000029ec   0x00000040   Data   RO          151    .constdata          fz_ps.l(fdiv.o)
    0x00002a2c   0x00002a2c   0x00000008   Data   RO          181    .constdata          c_p.l(_printf_wctomb.o)
    0x00002a34   0x00002a34   0x00000028   Data   RO          210    .constdata          c_p.l(_printf_hex_int_ll_ptr.o)
    0x00002a5c   0x00002a5c   0x00000011   Data   RO          230    .constdata          c_p.l(__printf_flags_ss_wp.o)
    0x00002a6d   0x00002a6d   0x00000026   Data   RO          290    .constdata          c_p.l(_printf_fp_hex.o)
    0x00002a93   0x00002a93   0x00000001   PAD
    0x00002a94   0x00002a94   0x00000094   Data   RO          316    .constdata          c_p.l(bigflt0.o)
    0x00002b28   0x00002b28   0x0000003c   Data   RO           45    .rodata.str1.1      i2c.o
    0x00002b64   0x00002b64   0x00000020   Data   RO          106    .rodata.str1.1      uart.o
    0x00002b84   0x00002b84   0x00000010   Data   RO          489    Region$$Table       anon$$obj.o
    0x00002b94   0x00002b94   0x0000001c   Data   RO          324    locale$$data        c_p.l(lc_numeric_c.o)
    0x00002bb0   0x00002bb0   0x00000110   Data   RO          353    locale$$data        c_p.l(lc_ctype_c.o)


    Execution Region ER_RW (Exec base: 0x1ffff000, Load base: 0x00002cc0, Size: 0x00000000, Max: 0xffffffff, ABSOLUTE)

    **** No section assigned to this execution region ****


    Execution Region ER_ZI (Exec base: 0x1ffff000, Load base: 0x00002cc0, Size: 0x00000170, Max: 0xffffffff, ABSOLUTE)

    Exec Addr    Load Addr    Size         Type   Attr      Idx    E Section Name        Object

    0x1ffff000        -       0x00000060   Zero   RW          344    .bss                c_p.l(libspace.o)
    0x1ffff060        -       0x00000001   Zero   RW           81    .bss.accel_data_ready  pit.o
    0x1ffff061        -       0x00000001   Zero   RW          107    .bss.c              uart.o
    0x1ffff062        -       0x00000001   Zero   RW           58    .bss.current_state  main.o
    0x1ffff063        -       0x00000001   Zero   RW           59    .bss.current_system_state  main.o
    0x1ffff064        -       0x00000001   Zero   RW           80    .bss.led_semaphore  pit.o
    0x1ffff065        -       0x00000001   Zero   RW           82    .bss.led_timer_elapsed  pit.o
    0x1ffff066        -       0x00000001   Zero   RW           79    .bss.read_accel_semaphore  pit.o
    0x1ffff067        -       0x00000001   Zero   RW           57    .bss.reverse        main.o
    0x1ffff068        -       0x00000002   Zero   RW           43    .bss.x_offset       i2c.o
    0x1ffff06a        -       0x00000002   Zero   RW           60    .bss.x_value        main.o
    0x1ffff06c   0x00002cc0   0x00000004   PAD
    0x1ffff070        -       0x00000000   Zero   RW          115    HEAP                startup_mkl25z4.o
    0x1ffff070        -       0x00000100   Zero   RW          114    STACK               startup_mkl25z4.o


==============================================================================

Image component sizes


      Code (inc. data)   RO Data    RW Data    ZI Data      Debug   Object Name

       276         48          0          0          0       2369   gpio.o
      1248         68         60          0          2       4321   i2c.o
       592        108          0          0          5       1613   main.o
       440         68          0          0          4       3965   pit.o
        80         44        192          0        256        900   startup_mkl25z4.o
        12          4          0          0          0       2600   system_mkl25z4.o
       484         72         32          0          1       4651   uart.o

    ----------------------------------------------------------------------
      3132        412        300          0        272      20419   Object Totals
         0          0         16          0          0          0   (incl. Generated)
         0          0          0          0          4          0   (incl. Padding)

    ----------------------------------------------------------------------

      Code (inc. data)   RO Data    RW Data    ZI Data      Debug   Library Member Name

         8          0          0          0          0         68   __main.o
       392          6         17          0          0         76   __printf_flags_ss_wp.o
        14          0          0          0          0         60   __printf_wp.o
         0          0          0          0          0          0   __rtentry.o
        12          0          0          0          0          0   __rtentry2.o
         6          0          0          0          0          0   __rtentry4.o
        86         10          0          0          0          0   __scatter.o
        28          0          0          0          0          0   __scatter_zi.o
        66          0          0          0          0         76   _c16rtomb.o
        10          0          0          0          0          0   _printf_a.o
        10          0          0          0          0          0   _printf_c.o
        46          0          0          0          0        100   _printf_char.o
        48          6          0          0          0         88   _printf_char_common.o
        38          0          0          0          0         60   _printf_charcount.o
        10          0          0          0          0          0   _printf_d.o
       108         18          0          0          0         76   _printf_dec.o
        10          0          0          0          0          0   _printf_e.o
        10          0          0          0          0          0   _printf_f.o
      1044         12          0          0          0        116   _printf_fp_dec.o
       728         10         38          0          0         84   _printf_fp_hex.o
       136         16          0          0          0         76   _printf_fp_infnan.o
        10          0          0          0          0          0   _printf_g.o
       152          4         40          0          0        148   _printf_hex_int_ll_ptr.o
        10          0          0          0          0          0   _printf_i.o
       176          0          0          0          0         84   _printf_intcommon.o
        10          0          0          0          0          0   _printf_l.o
        10          0          0          0          0          0   _printf_lc.o
        10          0          0          0          0          0   _printf_ll.o
        10          0          0          0          0          0   _printf_lld.o
        10          0          0          0          0          0   _printf_lli.o
        10          0          0          0          0          0   _printf_llo.o
        10          0          0          0          0          0   _printf_llu.o
        10          0          0          0          0          0   _printf_llx.o
       112         18          0          0          0         76   _printf_longlong_dec.o
        10          0          0          0          0          0   _printf_ls.o
        10          0          0          0          0          0   _printf_n.o
        10          0          0          0          0          0   _printf_o.o
       112         10          0          0          0        112   _printf_oct_int_ll.o
        10          0          0          0          0          0   _printf_p.o
        78          0          0          0          0        100   _printf_pad.o
         2          0          0          0          0          0   _printf_percent.o
         4          0          0          0          0          0   _printf_percent_end.o
        10          0          0          0          0          0   _printf_s.o
        82          0          0          0          0         72   _printf_str.o
        36          0          0          0          0         76   _printf_truncate.o
        10          0          0          0          0          0   _printf_u.o
        46          0          0          0          0        100   _printf_wchar.o
       188          6          8          0          0         80   _printf_wctomb.o
        10          0          0          0          0          0   _printf_x.o
        10          0          0          0          0         60   _sputc.o
       364          4          0          0          0         92   aeabi_sdiv.o
       216          6        148          0          0         80   bigflt0.o
      1456         30          0          0          0        336   btod.o
        16          0          0          0          0         68   exit.o
         6          0          0          0          0        136   heapauxi.o
         0          0          0          0          0          0   indicate_semi.o
        44         10        272          0          0         76   lc_ctype_c.o
        44         10         28          0          0         76   lc_numeric_c.o
         2          0          0          0          0          0   libinit.o
        30          0          0          0          0          0   libinit2.o
         2          0          0          0          0          0   libshutdown.o
         2          0          0          0          0          0   libshutdown2.o
         8          4          0          0         96         68   libspace.o
       122          0          0          0          0         72   lludiv10.o
        16          4          0          0          0         76   rt_ctype_table.o
         8          4          0          0          0         68   rt_locale_intlibspace.o
         2          0          0          0          0          0   rtexit.o
        10          0          0          0          0          0   rtexit2.o
        40          0          0          0          0         60   rtudiv10.o
        44          4          0          0          0         84   sprintf.o
       136          4          0          0          0         72   strcmp.o
        12          4          0          0          0         60   sys_exit.o
        62          0          0          0          0         80   sys_stackheap_outer.o
         2          0          0          0          0         68   use_no_semi.o
       352         10         64          0          0         92   fdiv.o
        76          0          0          0          0         68   ffixi.o
        94          0          0          0          0         92   fflti.o
       176          4          0          0          0         80   fmul.o
        16          4          0          0          0         76   printf1.o
        16          4          0          0          0         76   printf2.o
         0          0          0          0          0          0   usenofp.o
        44          4          0          0          0         60   fpclassify.o

    ----------------------------------------------------------------------
      7408        226        616          0         96       3904   Library Totals
        12          0          1          0          0          0   (incl. Padding)

    ----------------------------------------------------------------------

      Code (inc. data)   RO Data    RW Data    ZI Data      Debug   Library Name

      6622        200        551          0         96       3360   c_p.l
       730         22         64          0          0        484   fz_ps.l
        44          4          0          0          0         60   m_ps.l

    ----------------------------------------------------------------------
      7408        226        616          0         96       3904   Library Totals

    ----------------------------------------------------------------------

==============================================================================


      Code (inc. data)   RO Data    RW Data    ZI Data      Debug   

     10540        638        916          0        368      22351   Grand Totals
     10540        638        916          0        368      22351   ELF Image Totals
     10540        638        916          0          0          0   ROM Totals

==============================================================================

    Total RO  Size (Code + RO Data)                11456 (  11.19kB)
    Total RW  Size (RW Data + ZI Data)               368 (   0.36kB)
    Total ROM Size (Code + RO Data + RW Data)      11456 (  11.19kB)

==============================================================================

